Archive member included to satisfy reference by file (symbol)

d:/stmcubeide/stm32cubeide_1.7.0/stm32cubeide/plugins/com.st.stm32cube.ide.mcu.externaltools.gnu-tools-for-stm32.9-2020-q2-update.win32_2.0.0.202105311346/tools/bin/../lib/gcc/arm-none-eabi/9.3.1/../../../../arm-none-eabi/lib/thumb/v7-m/nofp\libc_nano.a(lib_a-errno.o)
                              ./Core/Src/syscalls.o (__errno)
d:/stmcubeide/stm32cubeide_1.7.0/stm32cubeide/plugins/com.st.stm32cube.ide.mcu.externaltools.gnu-tools-for-stm32.9-2020-q2-update.win32_2.0.0.202105311346/tools/bin/../lib/gcc/arm-none-eabi/9.3.1/../../../../arm-none-eabi/lib/thumb/v7-m/nofp\libc_nano.a(lib_a-exit.o)
                              d:/stmcubeide/stm32cubeide_1.7.0/stm32cubeide/plugins/com.st.stm32cube.ide.mcu.externaltools.gnu-tools-for-stm32.9-2020-q2-update.win32_2.0.0.202105311346/tools/bin/../lib/gcc/arm-none-eabi/9.3.1/../../../../arm-none-eabi/lib/thumb/v7-m/nofp/crt0.o (exit)
d:/stmcubeide/stm32cubeide_1.7.0/stm32cubeide/plugins/com.st.stm32cube.ide.mcu.externaltools.gnu-tools-for-stm32.9-2020-q2-update.win32_2.0.0.202105311346/tools/bin/../lib/gcc/arm-none-eabi/9.3.1/../../../../arm-none-eabi/lib/thumb/v7-m/nofp\libc_nano.a(lib_a-impure.o)
                              d:/stmcubeide/stm32cubeide_1.7.0/stm32cubeide/plugins/com.st.stm32cube.ide.mcu.externaltools.gnu-tools-for-stm32.9-2020-q2-update.win32_2.0.0.202105311346/tools/bin/../lib/gcc/arm-none-eabi/9.3.1/../../../../arm-none-eabi/lib/thumb/v7-m/nofp\libc_nano.a(lib_a-exit.o) (_global_impure_ptr)
d:/stmcubeide/stm32cubeide_1.7.0/stm32cubeide/plugins/com.st.stm32cube.ide.mcu.externaltools.gnu-tools-for-stm32.9-2020-q2-update.win32_2.0.0.202105311346/tools/bin/../lib/gcc/arm-none-eabi/9.3.1/../../../../arm-none-eabi/lib/thumb/v7-m/nofp\libc_nano.a(lib_a-init.o)
                              d:/stmcubeide/stm32cubeide_1.7.0/stm32cubeide/plugins/com.st.stm32cube.ide.mcu.externaltools.gnu-tools-for-stm32.9-2020-q2-update.win32_2.0.0.202105311346/tools/bin/../lib/gcc/arm-none-eabi/9.3.1/../../../../arm-none-eabi/lib/thumb/v7-m/nofp/crt0.o (__libc_init_array)
d:/stmcubeide/stm32cubeide_1.7.0/stm32cubeide/plugins/com.st.stm32cube.ide.mcu.externaltools.gnu-tools-for-stm32.9-2020-q2-update.win32_2.0.0.202105311346/tools/bin/../lib/gcc/arm-none-eabi/9.3.1/../../../../arm-none-eabi/lib/thumb/v7-m/nofp\libc_nano.a(lib_a-malloc.o)
                              ./Core/Src/i2c_lcd.o (malloc)
d:/stmcubeide/stm32cubeide_1.7.0/stm32cubeide/plugins/com.st.stm32cube.ide.mcu.externaltools.gnu-tools-for-stm32.9-2020-q2-update.win32_2.0.0.202105311346/tools/bin/../lib/gcc/arm-none-eabi/9.3.1/../../../../arm-none-eabi/lib/thumb/v7-m/nofp\libc_nano.a(lib_a-memset.o)
                              d:/stmcubeide/stm32cubeide_1.7.0/stm32cubeide/plugins/com.st.stm32cube.ide.mcu.externaltools.gnu-tools-for-stm32.9-2020-q2-update.win32_2.0.0.202105311346/tools/bin/../lib/gcc/arm-none-eabi/9.3.1/../../../../arm-none-eabi/lib/thumb/v7-m/nofp/crt0.o (memset)
d:/stmcubeide/stm32cubeide_1.7.0/stm32cubeide/plugins/com.st.stm32cube.ide.mcu.externaltools.gnu-tools-for-stm32.9-2020-q2-update.win32_2.0.0.202105311346/tools/bin/../lib/gcc/arm-none-eabi/9.3.1/../../../../arm-none-eabi/lib/thumb/v7-m/nofp\libc_nano.a(lib_a-nano-freer.o)
                              d:/stmcubeide/stm32cubeide_1.7.0/stm32cubeide/plugins/com.st.stm32cube.ide.mcu.externaltools.gnu-tools-for-stm32.9-2020-q2-update.win32_2.0.0.202105311346/tools/bin/../lib/gcc/arm-none-eabi/9.3.1/../../../../arm-none-eabi/lib/thumb/v7-m/nofp\libc_nano.a(lib_a-malloc.o) (_free_r)
d:/stmcubeide/stm32cubeide_1.7.0/stm32cubeide/plugins/com.st.stm32cube.ide.mcu.externaltools.gnu-tools-for-stm32.9-2020-q2-update.win32_2.0.0.202105311346/tools/bin/../lib/gcc/arm-none-eabi/9.3.1/../../../../arm-none-eabi/lib/thumb/v7-m/nofp\libc_nano.a(lib_a-nano-mallocr.o)
                              d:/stmcubeide/stm32cubeide_1.7.0/stm32cubeide/plugins/com.st.stm32cube.ide.mcu.externaltools.gnu-tools-for-stm32.9-2020-q2-update.win32_2.0.0.202105311346/tools/bin/../lib/gcc/arm-none-eabi/9.3.1/../../../../arm-none-eabi/lib/thumb/v7-m/nofp\libc_nano.a(lib_a-malloc.o) (_malloc_r)
d:/stmcubeide/stm32cubeide_1.7.0/stm32cubeide/plugins/com.st.stm32cube.ide.mcu.externaltools.gnu-tools-for-stm32.9-2020-q2-update.win32_2.0.0.202105311346/tools/bin/../lib/gcc/arm-none-eabi/9.3.1/../../../../arm-none-eabi/lib/thumb/v7-m/nofp\libc_nano.a(lib_a-sbrkr.o)
                              d:/stmcubeide/stm32cubeide_1.7.0/stm32cubeide/plugins/com.st.stm32cube.ide.mcu.externaltools.gnu-tools-for-stm32.9-2020-q2-update.win32_2.0.0.202105311346/tools/bin/../lib/gcc/arm-none-eabi/9.3.1/../../../../arm-none-eabi/lib/thumb/v7-m/nofp\libc_nano.a(lib_a-nano-mallocr.o) (_sbrk_r)
[...]
Memory Configuration

Name             Origin             Length             Attributes
RAM              0x0000000020000000 0x0000000000005000 xrw
FLASH            0x0000000008000000 0x0000000000020000 xr
*default*        0x0000000000000000 0xffffffffffffffff

Linker script and memory map

LOAD d:/stmcubeide/stm32cubeide_1.7.0/stm32cubeide/plugins/com.st.stm32cube.ide.mcu.externaltools.gnu-tools-for-stm32.9-2020-q2-update.win32_2.0.0.202105311346/tools/bin/../lib/gcc/arm-none-eabi/9.3.1/thumb/v7-m/nofp/crti.o
LOAD d:/stmcubeide/stm32cubeide_1.7.0/stm32cubeide/plugins/com.st.stm32cube.ide.mcu.externaltools.gnu-tools-for-stm32.9-2020-q2-update.win32_2.0.0.202105311346/tools/bin/../lib/gcc/arm-none-eabi/9.3.1/thumb/v7-m/nofp/crtbegin.o
LOAD d:/stmcubeide/stm32cubeide_1.7.0/stm32cubeide/plugins/com.st.stm32cube.ide.mcu.externaltools.gnu-tools-for-stm32.9-2020-q2-update.win32_2.0.0.202105311346/tools/bin/../lib/gcc/arm-none-eabi/9.3.1/../../../../arm-none-eabi/lib/thumb/v7-m/nofp/crt0.o
LOAD ./Core/Src/button.o
LOAD ./Core/Src/fsm_automatic.o
LOAD ./Core/Src/fsm_manual.o
LOAD ./Core/Src/fsm_settings_run.o
LOAD ./Core/Src/global.o
LOAD ./Core/Src/i2c_lcd.o
LOAD ./Core/Src/led7_segment.o
LOAD ./Core/Src/main.o
LOAD ./Core/Src/scheduler.o
LOAD ./Core/Src/software_interrupt.o
LOAD ./Core/Src/stm32f1xx_hal_msp.o
LOAD ./Core/Src/stm32f1xx_it.o
LOAD ./Core/Src/syscalls.o
LOAD ./Core/Src/sysmem.o
LOAD ./Core/Src/system_stm32f1xx.o
LOAD ./Core/Src/traffic_light.o
LOAD ./Core/Startup/startup_stm32f103rbtx.o
LOAD ./Drivers/STM32F1xx_HAL_Driver/Src/stm32f1xx_hal.o
LOAD ./Drivers/STM32F1xx_HAL_Driver/Src/stm32f1xx_hal_cortex.o
LOAD ./Drivers/STM32F1xx_HAL_Driver/Src/stm32f1xx_hal_dma.o
LOAD ./Drivers/STM32F1xx_HAL_Driver/Src/stm32f1xx_hal_exti.o
LOAD ./Drivers/STM32F1xx_HAL_Driver/Src/stm32f1xx_hal_flash.o
LOAD ./Drivers/STM32F1xx_HAL_Driver/Src/stm32f1xx_hal_flash_ex.o
LOAD ./Drivers/STM32F1xx_HAL_Driver/Src/stm32f1xx_hal_gpio.o
LOAD ./Drivers/STM32F1xx_HAL_Driver/Src/stm32f1xx_hal_gpio_ex.o
LOAD ./Drivers/STM32F1xx_HAL_Driver/Src/stm32f1xx_hal_i2c.o
LOAD ./Drivers/STM32F1xx_HAL_Driver/Src/stm32f1xx_hal_pwr.o
LOAD ./Drivers/STM32F1xx_HAL_Driver/Src/stm32f1xx_hal_rcc.o
LOAD ./Drivers/STM32F1xx_HAL_Driver/Src/stm32f1xx_hal_rcc_ex.o
LOAD ./Drivers/STM32F1xx_HAL_Driver/Src/stm32f1xx_hal_tim.o
LOAD ./Drivers/STM32F1xx_HAL_Driver/Src/stm32f1xx_hal_tim_ex.o
LOAD ./Drivers/STM32F1xx_HAL_Driver/Src/stm32f1xx_hal_uart.o
START GROUP
LOAD d:/stmcubeide/stm32cubeide_1.7.0/stm32cubeide/plugins/com.st.stm32cube.ide.mcu.externaltools.gnu-tools-for-stm32.9-2020-q2-update.win32_2.0.0.202105311346/tools/bin/../lib/gcc/arm-none-eabi/9.3.1/../../../../arm-none-eabi/lib/thumb/v7-m/nofp\libc_nano.a
LOAD d:/stmcubeide/stm32cubeide_1.7.0/stm32cubeide/plugins/com.st.stm32cube.ide.mcu.externaltools.gnu-tools-for-stm32.9-2020-q2-update.win32_2.0.0.202105311346/tools/bin/../lib/gcc/arm-none-eabi/9.3.1/../../../../arm-none-eabi/lib/thumb/v7-m/nofp\libm.a
END GROUP
START GROUP
LOAD d:/stmcubeide/stm32cubeide_1.7.0/stm32cubeide/plugins/com.st.stm32cube.ide.mcu.externaltools.gnu-tools-for-stm32.9-2020-q2-update.win32_2.0.0.202105311346/tools/bin/../lib/gcc/arm-none-eabi/9.3.1/thumb/v7-m/nofp\libgcc.a
LOAD d:/stmcubeide/stm32cubeide_1.7.0/stm32cubeide/plugins/com.st.stm32cube.ide.mcu.externaltools.gnu-tools-for-stm32.9-2020-q2-update.win32_2.0.0.202105311346/tools/bin/../lib/gcc/arm-none-eabi/9.3.1/../../../../arm-none-eabi/lib/thumb/v7-m/nofp\libc_nano.a
END GROUP
START GROUP
LOAD d:/stmcubeide/stm32cubeide_1.7.0/stm32cubeide/plugins/com.st.stm32cube.ide.mcu.externaltools.gnu-tools-for-stm32.9-2020-q2-update.win32_2.0.0.202105311346/tools/bin/../lib/gcc/arm-none-eabi/9.3.1/thumb/v7-m/nofp\libgcc.a
LOAD d:/stmcubeide/stm32cubeide_1.7.0/stm32cubeide/plugins/com.st.stm32cube.ide.mcu.externaltools.gnu-tools-for-stm32.9-2020-q2-update.win32_2.0.0.202105311346/tools/bin/../lib/gcc/arm-none-eabi/9.3.1/../../../../arm-none-eabi/lib/thumb/v7-m/nofp\libc_nano.a
LOAD d:/stmcubeide/stm32cubeide_1.7.0/stm32cubeide/plugins/com.st.stm32cube.ide.mcu.externaltools.gnu-tools-for-stm32.9-2020-q2-update.win32_2.0.0.202105311346/tools/bin/../lib/gcc/arm-none-eabi/9.3.1/../../../../arm-none-eabi/lib/thumb/v7-m/nofp\libnosys.a
END GROUP
START GROUP
LOAD d:/stmcubeide/stm32cubeide_1.7.0/stm32cubeide/plugins/com.st.stm32cube.ide.mcu.externaltools.gnu-tools-for-stm32.9-2020-q2-update.win32_2.0.0.202105311346/tools/bin/../lib/gcc/arm-none-eabi/9.3.1/thumb/v7-m/nofp\libgcc.a
LOAD d:/stmcubeide/stm32cubeide_1.7.0/stm32cubeide/plugins/com.st.stm32cube.ide.mcu.externaltools.gnu-tools-for-stm32.9-2020-q2-update.win32_2.0.0.202105311346/tools/bin/../lib/gcc/arm-none-eabi/9.3.1/../../../../arm-none-eabi/lib/thumb/v7-m/nofp\libc_nano.a
LOAD d:/stmcubeide/stm32cubeide_1.7.0/stm32cubeide/plugins/com.st.stm32cube.ide.mcu.externaltools.gnu-tools-for-stm32.9-2020-q2-update.win32_2.0.0.202105311346/tools/bin/../lib/gcc/arm-none-eabi/9.3.1/../../../../arm-none-eabi/lib/thumb/v7-m/nofp\libnosys.a
END GROUP
LOAD d:/stmcubeide/stm32cubeide_1.7.0/stm32cubeide/plugins/com.st.stm32cube.ide.mcu.externaltools.gnu-tools-for-stm32.9-2020-q2-update.win32_2.0.0.202105311346/tools/bin/../lib/gcc/arm-none-eabi/9.3.1/thumb/v7-m/nofp/crtend.o
LOAD d:/stmcubeide/stm32cubeide_1.7.0/stm32cubeide/plugins/com.st.stm32cube.ide.mcu.externaltools.gnu-tools-for-stm32.9-2020-q2-update.win32_2.0.0.202105311346/tools/bin/../lib/gcc/arm-none-eabi/9.3.1/thumb/v7-m/nofp/crtn.o
                0x0000000020005000                _estack = (ORIGIN (RAM) + LENGTH (RAM))
                0x0000000000000200                _Min_Heap_Size = 0x200
                0x0000000000000400                _Min_Stack_Size = 0x400

.isr_vector     0x0000000008000000      0x10c
                0x0000000008000000                . = ALIGN (0x4)
 *(.isr_vector)
 .isr_vector    0x0000000008000000      0x10c ./Core/Startup/startup_stm32f103rbtx.o
                0x0000000008000000                g_pfnVectors
                0x000000000800010c                . = ALIGN (0x4)

.text           0x000000000800010c     0x49b4
                0x000000000800010c                . = ALIGN (0x4)
 *(.text)
 .text          0x000000000800010c       0x40 d:/stmcubeide/stm32cubeide_1.7.0/stm32cubeide/plugins/com.st.stm32cube.ide.mcu.externaltools.gnu-tools-for-stm32.9-2020-q2-update.win32_2.0.0.202105311346/tools/bin/../lib/gcc/arm-none-eabi/9.3.1/thumb/v7-m/nofp/crtbegin.o
 *(.text*)
 .text.getKeyInput
                0x000000000800014c      0x10c ./Core/Src/button.o
                0x000000000800014c                getKeyInput
 .text.isKeyPressed
                0x0000000008000258       0x40 ./Core/Src/button.o
                0x0000000008000258                isKeyPressed
 .text.isReadfrom
                0x0000000008000298       0x6c ./Core/Src/button.o
                0x0000000008000298                isReadfrom
 .text.setCount
                0x0000000008000304       0x34 ./Core/Src/fsm_automatic.o
                0x0000000008000304                setCount
 .text.minusCount
                0x0000000008000338       0x28 ./Core/Src/fsm_automatic.o
                0x0000000008000338                minusCount
 .text.getCount
                0x0000000008000360       0x38 ./Core/Src/fsm_automatic.o
                0x0000000008000360                getCount
 .text.fsm_INIT
                0x0000000008000398       0x80 ./Core/Src/fsm_automatic.o
                0x0000000008000398                fsm_INIT
 .text.fsm_AUTO_RED_GREEN
                0x0000000008000418      0x13c ./Core/Src/fsm_automatic.o
                0x0000000008000418                fsm_AUTO_RED_GREEN
 .text.fsm_AUTO_RED_YELLOW
                0x0000000008000554      0x13c ./Core/Src/fsm_automatic.o
                0x0000000008000554                fsm_AUTO_RED_YELLOW
 .text.fsm_AUTO_GREEN_RED
                0x0000000008000690      0x13c ./Core/Src/fsm_automatic.o
                0x0000000008000690                fsm_AUTO_GREEN_RED
 .text.fsm_AUTO_YELLOW_RED
                0x00000000080007cc      0x13c ./Core/Src/fsm_automatic.o
                0x00000000080007cc                fsm_AUTO_YELLOW_RED
 .text.fms_MAN_RED_GREEN
                0x0000000008000908       0x9c ./Core/Src/fsm_manual.o
                0x0000000008000908                fms_MAN_RED_GREEN
 .text.fms_MAN_RED_YELLOW
                0x00000000080009a4       0x98 ./Core/Src/fsm_manual.o
                0x00000000080009a4                fms_MAN_RED_YELLOW
 .text.fms_MAN_GREEN_RED
                0x0000000008000a3c       0x9c ./Core/Src/fsm_manual.o
                0x0000000008000a3c                fms_MAN_GREEN_RED
 .text.fms_MAN_YELLOW_RED
                0x0000000008000ad8       0x9c ./Core/Src/fsm_manual.o
                0x0000000008000ad8                fms_MAN_YELLOW_RED
 .text.GreenTime
                0x0000000008000b74       0x14 ./Core/Src/fsm_settings_run.o
                0x0000000008000b74                GreenTime
 .text.RedTime  0x0000000008000b88       0x14 ./Core/Src/fsm_settings_run.o
                0x0000000008000b88                RedTime
 .text.AmberTime
                0x0000000008000b9c       0x14 ./Core/Src/fsm_settings_run.o
                0x0000000008000b9c                AmberTime
 .text.fsm_SET_REDTIME
                0x0000000008000bb0       0xa8 ./Core/Src/fsm_settings_run.o
                0x0000000008000bb0                fsm_SET_REDTIME
 .text.fsm_SET_AMBERTIME
                0x0000000008000c58       0xac ./Core/Src/fsm_settings_run.o
                0x0000000008000c58                fsm_SET_AMBERTIME
 .text.fsm_SET_GREENTIME
                0x0000000008000d04       0xac ./Core/Src/fsm_settings_run.o
                0x0000000008000d04                fsm_SET_GREENTIME
 .text.fsm_mode
                0x0000000008000db0      0x170 ./Core/Src/fsm_settings_run.o
                0x0000000008000db0                fsm_mode
 .text.fsm_increase
                0x0000000008000f20      0x13c ./Core/Src/fsm_settings_run.o
                0x0000000008000f20                fsm_increase
 .text.fsm_confirm
                0x000000000800105c      0x124 ./Core/Src/fsm_settings_run.o
                0x000000000800105c                fsm_confirm
 .text.lcd_send_cmd
                0x0000000008001180       0x60 ./Core/Src/i2c_lcd.o
                0x0000000008001180                lcd_send_cmd
 .text.lcd_send_data
                0x00000000080011e0       0x60 ./Core/Src/i2c_lcd.o
                0x00000000080011e0                lcd_send_data
 .text.lcd_init
                0x0000000008001240       0x5c ./Core/Src/i2c_lcd.o
                0x0000000008001240                lcd_init
 .text.lcd_send_string
                0x000000000800129c       0x2a ./Core/Src/i2c_lcd.o
                0x000000000800129c                lcd_send_string
 .text.lcd_clear_display
                0x00000000080012c6       0x14 ./Core/Src/i2c_lcd.o
                0x00000000080012c6                lcd_clear_display
 .text.lcd_goto_XY
                0x00000000080012da       0x44 ./Core/Src/i2c_lcd.o
                0x00000000080012da                lcd_goto_XY
 .text.update7SEG
                0x000000000800131e       0x12 ./Core/Src/led7_segment.o
                0x000000000800131e                update7SEG
 .text.setBuffer
                0x0000000008001330       0x78 ./Core/Src/led7_segment.o
                0x0000000008001330                setBuffer
 .text.countAgain
                0x00000000080013a8       0x18 ./Core/Src/led7_segment.o
                0x00000000080013a8                countAgain
 .text.LEDRED   0x00000000080013c0       0x14 ./Core/Src/main.o
                0x00000000080013c0                LEDRED
 .text.main     0x00000000080013d4       0x8c ./Core/Src/main.o
                0x00000000080013d4                main
 .text.SystemClock_Config
                0x0000000008001460       0x82 ./Core/Src/main.o
                0x0000000008001460                SystemClock_Config
 *fill*         0x00000000080014e2        0x2 
 .text.MX_I2C1_Init
                0x00000000080014e4       0x5c ./Core/Src/main.o
 .text.MX_TIM2_Init
                0x0000000008001540       0x98 ./Core/Src/main.o
 .text.MX_USART2_UART_Init
                0x00000000080015d8       0x54 ./Core/Src/main.o
 .text.MX_GPIO_Init
                0x000000000800162c      0x160 ./Core/Src/main.o
 .text.HAL_TIM_PeriodElapsedCallback
                0x000000000800178c       0x14 ./Core/Src/main.o
                0x000000000800178c                HAL_TIM_PeriodElapsedCallback
 .text.Error_Handler
                0x00000000080017a0        0xa ./Core/Src/main.o
                0x00000000080017a0                Error_Handler
 *fill*         0x00000000080017aa        0x2 
 .text.SCH_Delete_Task
                0x00000000080017ac       0x80 ./Core/Src/scheduler.o
                0x00000000080017ac                SCH_Delete_Task
 .text.SCH_Init
                0x000000000800182c       0x2a ./Core/Src/scheduler.o
                0x000000000800182c                SCH_Init
 *fill*         0x0000000008001856        0x2 
 .text.SCH_Update
                0x0000000008001858       0xdc ./Core/Src/scheduler.o
                0x0000000008001858                SCH_Update
 .text.SCH_Dispatch_Tasks
                0x0000000008001934       0x94 ./Core/Src/scheduler.o
                0x0000000008001934                SCH_Dispatch_Tasks
 .text.SCH_Add_Task
                0x00000000080019c8       0xbc ./Core/Src/scheduler.o
                0x00000000080019c8                SCH_Add_Task
 .text.SCH_Delete_Short_Task
                0x0000000008001a84       0x5c ./Core/Src/scheduler.o
                0x0000000008001a84                SCH_Delete_Short_Task
 .text.HAL_MspInit
                0x0000000008001ae0       0x64 ./Core/Src/stm32f1xx_hal_msp.o
                0x0000000008001ae0                HAL_MspInit
 .text.HAL_I2C_MspInit
                0x0000000008001b44       0xa0 ./Core/Src/stm32f1xx_hal_msp.o
                0x0000000008001b44                HAL_I2C_MspInit
 .text.HAL_TIM_Base_MspInit
                0x0000000008001be4       0x48 ./Core/Src/stm32f1xx_hal_msp.o
                0x0000000008001be4                HAL_TIM_Base_MspInit
 .text.HAL_UART_MspInit
                0x0000000008001c2c       0x7c ./Core/Src/stm32f1xx_hal_msp.o
                0x0000000008001c2c                HAL_UART_MspInit
 .text.NMI_Handler
                0x0000000008001ca8        0x6 ./Core/Src/stm32f1xx_it.o
                0x0000000008001ca8                NMI_Handler
 .text.HardFault_Handler
                0x0000000008001cae        0x6 ./Core/Src/stm32f1xx_it.o
                0x0000000008001cae                HardFault_Handler
 .text.MemManage_Handler
                0x0000000008001cb4        0x6 ./Core/Src/stm32f1xx_it.o
                0x0000000008001cb4                MemManage_Handler
 .text.BusFault_Handler
                0x0000000008001cba        0x6 ./Core/Src/stm32f1xx_it.o
                0x0000000008001cba                BusFault_Handler
 .text.UsageFault_Handler
                0x0000000008001cc0        0x6 ./Core/Src/stm32f1xx_it.o
                0x0000000008001cc0                UsageFault_Handler
 .text.SVC_Handler
                0x0000000008001cc6        0xc ./Core/Src/stm32f1xx_it.o
                0x0000000008001cc6                SVC_Handler
 .text.DebugMon_Handler
                0x0000000008001cd2        0xc ./Core/Src/stm32f1xx_it.o
                0x0000000008001cd2                DebugMon_Handler
 .text.PendSV_Handler
                0x0000000008001cde        0xc ./Core/Src/stm32f1xx_it.o
                0x0000000008001cde                PendSV_Handler
 .text.SysTick_Handler
                0x0000000008001cea        0xc ./Core/Src/stm32f1xx_it.o
                0x0000000008001cea                SysTick_Handler
 *fill*         0x0000000008001cf6        0x2 
 .text.TIM2_IRQHandler
                0x0000000008001cf8       0x14 ./Core/Src/stm32f1xx_it.o
                0x0000000008001cf8                TIM2_IRQHandler
 .text.EXTI15_10_IRQHandler
                0x0000000008001d0c       0x10 ./Core/Src/stm32f1xx_it.o
                0x0000000008001d0c                EXTI15_10_IRQHandler
 .text._sbrk    0x0000000008001d1c       0x6c ./Core/Src/sysmem.o
                0x0000000008001d1c                _sbrk
 .text.SystemInit
                0x0000000008001d88        0xc ./Core/Src/system_stm32f1xx.o
                0x0000000008001d88                SystemInit
 .text.set_off0_off1
                0x0000000008001d94       0x38 ./Core/Src/traffic_light.o
                0x0000000008001d94                set_off0_off1
 .text.set_red0_green1
                0x0000000008001dcc       0x38 ./Core/Src/traffic_light.o
                0x0000000008001dcc                set_red0_green1
 .text.set_red0_amber1
                0x0000000008001e04       0x38 ./Core/Src/traffic_light.o
                0x0000000008001e04                set_red0_amber1
 .text.set_green0_red1
                0x0000000008001e3c       0x38 ./Core/Src/traffic_light.o
                0x0000000008001e3c                set_green0_red1
 .text.set_amber0_red1
                0x0000000008001e74       0x38 ./Core/Src/traffic_light.o
                0x0000000008001e74                set_amber0_red1
 .text.setallRed
                0x0000000008001eac       0x38 ./Core/Src/traffic_light.o
                0x0000000008001eac                setallRed
 .text.setallGreen
                0x0000000008001ee4       0x38 ./Core/Src/traffic_light.o
                0x0000000008001ee4                setallGreen
 .text.setallAmber
                0x0000000008001f1c       0x38 ./Core/Src/traffic_light.o
                0x0000000008001f1c                setallAmber
 .text.setallOff
                0x0000000008001f54       0x38 ./Core/Src/traffic_light.o
                0x0000000008001f54                setallOff
 .text.Reset_Handler
                0x0000000008001f8c       0x48 ./Core/Startup/startup_stm32f103rbtx.o
                0x0000000008001f8c                Reset_Handler
 .text.Default_Handler
                0x0000000008001fd4        0x2 ./Core/Startup/startup_stm32f103rbtx.o
                0x0000000008001fd4                RTC_Alarm_IRQHandler
                0x0000000008001fd4                EXTI2_IRQHandler
                0x0000000008001fd4                TIM1_CC_IRQHandler
                0x0000000008001fd4                PVD_IRQHandler
                0x0000000008001fd4                EXTI3_IRQHandler
                0x0000000008001fd4                EXTI0_IRQHandler
                0x0000000008001fd4                I2C2_EV_IRQHandler
                0x0000000008001fd4                ADC1_2_IRQHandler
                0x0000000008001fd4                SPI1_IRQHandler
                0x0000000008001fd4                TAMPER_IRQHandler
                0x0000000008001fd4                DMA1_Channel4_IRQHandler
                0x0000000008001fd4                USART3_IRQHandler
                0x0000000008001fd4                RTC_IRQHandler
                0x0000000008001fd4                DMA1_Channel7_IRQHandler
                0x0000000008001fd4                CAN1_RX1_IRQHandler
                0x0000000008001fd4                TIM4_IRQHandler
                0x0000000008001fd4                I2C1_EV_IRQHandler
                0x0000000008001fd4                DMA1_Channel6_IRQHandler
                0x0000000008001fd4                TIM3_IRQHandler
                0x0000000008001fd4                RCC_IRQHandler
                0x0000000008001fd4                TIM1_TRG_COM_IRQHandler
                0x0000000008001fd4                DMA1_Channel1_IRQHandler
                0x0000000008001fd4                Default_Handler
                0x0000000008001fd4                EXTI9_5_IRQHandler
                0x0000000008001fd4                SPI2_IRQHandler
                0x0000000008001fd4                DMA1_Channel5_IRQHandler
                0x0000000008001fd4                EXTI4_IRQHandler
                0x0000000008001fd4                USB_LP_CAN1_RX0_IRQHandler
                0x0000000008001fd4                USB_HP_CAN1_TX_IRQHandler
                0x0000000008001fd4                DMA1_Channel3_IRQHandler
                0x0000000008001fd4                TIM1_UP_IRQHandler
                0x0000000008001fd4                WWDG_IRQHandler
                0x0000000008001fd4                TIM1_BRK_IRQHandler
                0x0000000008001fd4                EXTI1_IRQHandler
                0x0000000008001fd4                USART2_IRQHandler
                0x0000000008001fd4                I2C2_ER_IRQHandler
                0x0000000008001fd4                DMA1_Channel2_IRQHandler
                0x0000000008001fd4                CAN1_SCE_IRQHandler
                0x0000000008001fd4                FLASH_IRQHandler
                0x0000000008001fd4                USART1_IRQHandler
                0x0000000008001fd4                I2C1_ER_IRQHandler
                0x0000000008001fd4                USBWakeUp_IRQHandler
 *fill*         0x0000000008001fd6        0x2 
 .text.HAL_Init
                0x0000000008001fd8       0x2c ./Drivers/STM32F1xx_HAL_Driver/Src/stm32f1xx_hal.o
                0x0000000008001fd8                HAL_Init
 .text.HAL_InitTick
                0x0000000008002004       0x60 ./Drivers/STM32F1xx_HAL_Driver/Src/stm32f1xx_hal.o
                0x0000000008002004                HAL_InitTick
 .text.HAL_IncTick
                0x0000000008002064       0x24 ./Drivers/STM32F1xx_HAL_Driver/Src/stm32f1xx_hal.o
                0x0000000008002064                HAL_IncTick
 .text.HAL_GetTick
                0x0000000008002088       0x14 ./Drivers/STM32F1xx_HAL_Driver/Src/stm32f1xx_hal.o
                0x0000000008002088                HAL_GetTick
 .text.HAL_Delay
                0x000000000800209c       0x48 ./Drivers/STM32F1xx_HAL_Driver/Src/stm32f1xx_hal.o
                0x000000000800209c                HAL_Delay
 .text.__NVIC_SetPriorityGrouping
                0x00000000080020e4       0x48 ./Drivers/STM32F1xx_HAL_Driver/Src/stm32f1xx_hal_cortex.o
 .text.__NVIC_GetPriorityGrouping
                0x000000000800212c       0x1c ./Drivers/STM32F1xx_HAL_Driver/Src/stm32f1xx_hal_cortex.o
 .text.__NVIC_EnableIRQ
                0x0000000008002148       0x38 ./Drivers/STM32F1xx_HAL_Driver/Src/stm32f1xx_hal_cortex.o
 .text.__NVIC_SetPriority
                0x0000000008002180       0x54 ./Drivers/STM32F1xx_HAL_Driver/Src/stm32f1xx_hal_cortex.o
 .text.NVIC_EncodePriority
                0x00000000080021d4       0x64 ./Drivers/STM32F1xx_HAL_Driver/Src/stm32f1xx_hal_cortex.o
 .text.SysTick_Config
                0x0000000008002238       0x44 ./Drivers/STM32F1xx_HAL_Driver/Src/stm32f1xx_hal_cortex.o
 .text.HAL_NVIC_SetPriorityGrouping
                0x000000000800227c       0x16 ./Drivers/STM32F1xx_HAL_Driver/Src/stm32f1xx_hal_cortex.o
                0x000000000800227c                HAL_NVIC_SetPriorityGrouping
 .text.HAL_NVIC_SetPriority
                0x0000000008002292       0x38 ./Drivers/STM32F1xx_HAL_Driver/Src/stm32f1xx_hal_cortex.o
                0x0000000008002292                HAL_NVIC_SetPriority
 .text.HAL_NVIC_EnableIRQ
                0x00000000080022ca       0x1c ./Drivers/STM32F1xx_HAL_Driver/Src/stm32f1xx_hal_cortex.o
                0x00000000080022ca                HAL_NVIC_EnableIRQ
 .text.HAL_SYSTICK_Config
                0x00000000080022e6       0x18 ./Drivers/STM32F1xx_HAL_Driver/Src/stm32f1xx_hal_cortex.o
                0x00000000080022e6                HAL_SYSTICK_Config
 *fill*         0x00000000080022fe        0x2 
 .text.HAL_GPIO_Init
                0x0000000008002300      0x308 ./Drivers/STM32F1xx_HAL_Driver/Src/stm32f1xx_hal_gpio.o
                0x0000000008002300                HAL_GPIO_Init
 .text.HAL_GPIO_ReadPin
                0x0000000008002608       0x2e ./Drivers/STM32F1xx_HAL_Driver/Src/stm32f1xx_hal_gpio.o
                0x0000000008002608                HAL_GPIO_ReadPin
 .text.HAL_GPIO_WritePin
                0x0000000008002636       0x30 ./Drivers/STM32F1xx_HAL_Driver/Src/stm32f1xx_hal_gpio.o
                0x0000000008002636                HAL_GPIO_WritePin
 .text.HAL_GPIO_TogglePin
                0x0000000008002666       0x32 ./Drivers/STM32F1xx_HAL_Driver/Src/stm32f1xx_hal_gpio.o
                0x0000000008002666                HAL_GPIO_TogglePin
 .text.HAL_GPIO_EXTI_IRQHandler
                0x0000000008002698       0x30 ./Drivers/STM32F1xx_HAL_Driver/Src/stm32f1xx_hal_gpio.o
                0x0000000008002698                HAL_GPIO_EXTI_IRQHandler
 .text.HAL_GPIO_EXTI_Callback
                0x00000000080026c8       0x14 ./Drivers/STM32F1xx_HAL_Driver/Src/stm32f1xx_hal_gpio.o
                0x00000000080026c8                HAL_GPIO_EXTI_Callback
 .text.HAL_I2C_Init
                0x00000000080026dc      0x288 ./Drivers/STM32F1xx_HAL_Driver/Src/stm32f1xx_hal_i2c.o
                0x00000000080026dc                HAL_I2C_Init
 .text.HAL_I2C_Master_Transmit
                0x0000000008002964      0x1fc ./Drivers/STM32F1xx_HAL_Driver/Src/stm32f1xx_hal_i2c.o
                0x0000000008002964                HAL_I2C_Master_Transmit
 .text.I2C_MasterRequestWrite
                0x0000000008002b60      0x104 ./Drivers/STM32F1xx_HAL_Driver/Src/stm32f1xx_hal_i2c.o
 .text.I2C_WaitOnFlagUntilTimeout
                0x0000000008002c64       0xf4 ./Drivers/STM32F1xx_HAL_Driver/Src/stm32f1xx_hal_i2c.o
 .text.I2C_WaitOnMasterAddressFlagUntilTimeout
                0x0000000008002d58      0x140 ./Drivers/STM32F1xx_HAL_Driver/Src/stm32f1xx_hal_i2c.o
 .text.I2C_WaitOnTXEFlagUntilTimeout
                0x0000000008002e98       0x90 ./Drivers/STM32F1xx_HAL_Driver/Src/stm32f1xx_hal_i2c.o
 .text.I2C_WaitOnBTFFlagUntilTimeout
                0x0000000008002f28       0x90 ./Drivers/STM32F1xx_HAL_Driver/Src/stm32f1xx_hal_i2c.o
 .text.I2C_IsAcknowledgeFailed
                0x0000000008002fb8       0x5c ./Drivers/STM32F1xx_HAL_Driver/Src/stm32f1xx_hal_i2c.o
 .text.HAL_RCC_OscConfig
                0x0000000008003014      0x500 ./Drivers/STM32F1xx_HAL_Driver/Src/stm32f1xx_hal_rcc.o
                0x0000000008003014                HAL_RCC_OscConfig
 .text.HAL_RCC_ClockConfig
                0x0000000008003514      0x1d4 ./Drivers/STM32F1xx_HAL_Driver/Src/stm32f1xx_hal_rcc.o
                0x0000000008003514                HAL_RCC_ClockConfig
 .text.HAL_RCC_GetSysClockFreq
                0x00000000080036e8       0xa8 ./Drivers/STM32F1xx_HAL_Driver/Src/stm32f1xx_hal_rcc.o
                0x00000000080036e8                HAL_RCC_GetSysClockFreq
 .text.HAL_RCC_GetHCLKFreq
                0x0000000008003790       0x14 ./Drivers/STM32F1xx_HAL_Driver/Src/stm32f1xx_hal_rcc.o
                0x0000000008003790                HAL_RCC_GetHCLKFreq
 .text.HAL_RCC_GetPCLK1Freq
                0x00000000080037a4       0x28 ./Drivers/STM32F1xx_HAL_Driver/Src/stm32f1xx_hal_rcc.o
                0x00000000080037a4                HAL_RCC_GetPCLK1Freq
 .text.HAL_RCC_GetPCLK2Freq
                0x00000000080037cc       0x28 ./Drivers/STM32F1xx_HAL_Driver/Src/stm32f1xx_hal_rcc.o
                0x00000000080037cc                HAL_RCC_GetPCLK2Freq
 .text.RCC_Delay
                0x00000000080037f4       0x3c ./Drivers/STM32F1xx_HAL_Driver/Src/stm32f1xx_hal_rcc.o
 .text.HAL_TIM_Base_Init
                0x0000000008003830       0x9e ./Drivers/STM32F1xx_HAL_Driver/Src/stm32f1xx_hal_tim.o
                0x0000000008003830                HAL_TIM_Base_Init
 *fill*         0x00000000080038ce        0x2 
 .text.HAL_TIM_Base_Start_IT
                0x00000000080038d0       0xa4 ./Drivers/STM32F1xx_HAL_Driver/Src/stm32f1xx_hal_tim.o
                0x00000000080038d0                HAL_TIM_Base_Start_IT
 .text.HAL_TIM_IRQHandler
                0x0000000008003974      0x1e0 ./Drivers/STM32F1xx_HAL_Driver/Src/stm32f1xx_hal_tim.o
                0x0000000008003974                HAL_TIM_IRQHandler
 .text.HAL_TIM_ConfigClockSource
                0x0000000008003b54      0x18e ./Drivers/STM32F1xx_HAL_Driver/Src/stm32f1xx_hal_tim.o
                0x0000000008003b54                HAL_TIM_ConfigClockSource
 .text.HAL_TIM_OC_DelayElapsedCallback
                0x0000000008003ce2       0x12 ./Drivers/STM32F1xx_HAL_Driver/Src/stm32f1xx_hal_tim.o
                0x0000000008003ce2                HAL_TIM_OC_DelayElapsedCallback
 .text.HAL_TIM_IC_CaptureCallback
                0x0000000008003cf4       0x12 ./Drivers/STM32F1xx_HAL_Driver/Src/stm32f1xx_hal_tim.o
                0x0000000008003cf4                HAL_TIM_IC_CaptureCallback
 .text.HAL_TIM_PWM_PulseFinishedCallback
                0x0000000008003d06       0x12 ./Drivers/STM32F1xx_HAL_Driver/Src/stm32f1xx_hal_tim.o
                0x0000000008003d06                HAL_TIM_PWM_PulseFinishedCallback
 .text.HAL_TIM_TriggerCallback
                0x0000000008003d18       0x12 ./Drivers/STM32F1xx_HAL_Driver/Src/stm32f1xx_hal_tim.o
                0x0000000008003d18                HAL_TIM_TriggerCallback
 *fill*         0x0000000008003d2a        0x2 
 .text.TIM_Base_SetConfig
                0x0000000008003d2c       0xdc ./Drivers/STM32F1xx_HAL_Driver/Src/stm32f1xx_hal_tim.o
                0x0000000008003d2c                TIM_Base_SetConfig
 .text.TIM_TI1_ConfigInputStage
                0x0000000008003e08       0x5c ./Drivers/STM32F1xx_HAL_Driver/Src/stm32f1xx_hal_tim.o
 .text.TIM_TI2_ConfigInputStage
                0x0000000008003e64       0x5e ./Drivers/STM32F1xx_HAL_Driver/Src/stm32f1xx_hal_tim.o
 .text.TIM_ITRx_SetConfig
                0x0000000008003ec2       0x34 ./Drivers/STM32F1xx_HAL_Driver/Src/stm32f1xx_hal_tim.o
 .text.TIM_ETR_SetConfig
                0x0000000008003ef6       0x3e ./Drivers/STM32F1xx_HAL_Driver/Src/stm32f1xx_hal_tim.o
                0x0000000008003ef6                TIM_ETR_SetConfig
 .text.HAL_TIMEx_MasterConfigSynchronization
                0x0000000008003f34       0xbc ./Drivers/STM32F1xx_HAL_Driver/Src/stm32f1xx_hal_tim_ex.o
                0x0000000008003f34                HAL_TIMEx_MasterConfigSynchronization
 .text.HAL_TIMEx_CommutCallback
                0x0000000008003ff0       0x12 ./Drivers/STM32F1xx_HAL_Driver/Src/stm32f1xx_hal_tim_ex.o
                0x0000000008003ff0                HAL_TIMEx_CommutCallback
 .text.HAL_TIMEx_BreakCallback
                0x0000000008004002       0x12 ./Drivers/STM32F1xx_HAL_Driver/Src/stm32f1xx_hal_tim_ex.o
                0x0000000008004002                HAL_TIMEx_BreakCallback
 .text.HAL_UART_Init
                0x0000000008004014       0xa0 ./Drivers/STM32F1xx_HAL_Driver/Src/stm32f1xx_hal_uart.o
                0x0000000008004014                HAL_UART_Init
 .text.UART_SetConfig
                0x00000000080040b4      0x11c ./Drivers/STM32F1xx_HAL_Driver/Src/stm32f1xx_hal_uart.o
 .text.__errno  0x00000000080041d0        0xc d:/stmcubeide/stm32cubeide_1.7.0/stm32cubeide/plugins/com.st.stm32cube.ide.mcu.externaltools.gnu-tools-for-stm32.9-2020-q2-update.win32_2.0.0.202105311346/tools/bin/../lib/gcc/arm-none-eabi/9.3.1/../../../../arm-none-eabi/lib/thumb/v7-m/nofp\libc_nano.a(lib_a-errno.o)
                0x00000000080041d0                __errno
 .text.__libc_init_array
                0x00000000080041dc       0x48 d:/stmcubeide/stm32cubeide_1.7.0/stm32cubeide/plugins/com.st.stm32cube.ide.mcu.externaltools.gnu-tools-for-stm32.9-2020-q2-update.win32_2.0.0.202105311346/tools/bin/../lib/gcc/arm-none-eabi/9.3.1/../../../../arm-none-eabi/lib/thumb/v7-m/nofp\libc_nano.a(lib_a-init.o)
                0x00000000080041dc                __libc_init_array
 .text.memset   0x0000000008004224       0x10 d:/stmcubeide/stm32cubeide_1.7.0/stm32cubeide/plugins/com.st.stm32cube.ide.mcu.externaltools.gnu-tools-for-stm32.9-2020-q2-update.win32_2.0.0.202105311346/tools/bin/../lib/gcc/arm-none-eabi/9.3.1/../../../../arm-none-eabi/lib/thumb/v7-m/nofp\libc_nano.a(lib_a-memset.o)
                0x0000000008004224                memset
 .text._free_r  0x0000000008004234       0x98 d:/stmcubeide/stm32cubeide_1.7.0/stm32cubeide/plugins/com.st.stm32cube.ide.mcu.externaltools.gnu-tools-for-stm32.9-2020-q2-update.win32_2.0.0.202105311346/tools/bin/../lib/gcc/arm-none-eabi/9.3.1/../../../../arm-none-eabi/lib/thumb/v7-m/nofp\libc_nano.a(lib_a-nano-freer.o)
                0x0000000008004234                _free_r
 .text._malloc_r
                0x00000000080042cc       0xb4 d:/stmcubeide/stm32cubeide_1.7.0/stm32cubeide/plugins/com.st.stm32cube.ide.mcu.externaltools.gnu-tools-for-stm32.9-2020-q2-update.win32_2.0.0.202105311346/tools/bin/../lib/gcc/arm-none-eabi/9.3.1/../../../../arm-none-eabi/lib/thumb/v7-m/nofp\libc_nano.a(lib_a-nano-mallocr.o)
                0x00000000080042cc                _malloc_r
 .text._sbrk_r  0x0000000008004380       0x20 d:/stmcubeide/stm32cubeide_1.7.0/stm32cubeide/plugins/com.st.stm32cube.ide.mcu.externaltools.gnu-tools-for-stm32.9-2020-q2-update.win32_2.0.0.202105311346/tools/bin/../lib/gcc/arm-none-eabi/9.3.1/../../../../arm-none-eabi/lib/thumb/v7-m/nofp\libc_nano.a(lib_a-sbrkr.o)
                0x0000000008004380                _sbrk_r
 .text.sprintf  0x00000000080043a0       0x40 d:/stmcubeide/stm32cubeide_1.7.0/stm32cubeide/plugins/com.st.stm32cube.ide.mcu.externaltools.gnu-tools-for-stm32.9-2020-q2-update.win32_2.0.0.202105311346/tools/bin/../lib/gcc/arm-none-eabi/9.3.1/../../../../arm-none-eabi/lib/thumb/v7-m/nofp\libc_nano.a(lib_a-sprintf.o)
                0x00000000080043a0                siprintf
                0x00000000080043a0                sprintf
 .text.__malloc_lock
                0x00000000080043e0        0xc d:/stmcubeide/stm32cubeide_1.7.0/stm32cubeide/plugins/com.st.stm32cube.ide.mcu.externaltools.gnu-tools-for-stm32.9-2020-q2-update.win32_2.0.0.202105311346/tools/bin/../lib/gcc/arm-none-eabi/9.3.1/../../../../arm-none-eabi/lib/thumb/v7-m/nofp\libc_nano.a(lib_a-mlock.o)
                0x00000000080043e0                __malloc_lock
 .text.__malloc_unlock
                0x00000000080043ec        0xc d:/stmcubeide/stm32cubeide_1.7.0/stm32cubeide/plugins/com.st.stm32cube.ide.mcu.externaltools.gnu-tools-for-stm32.9-2020-q2-update.win32_2.0.0.202105311346/tools/bin/../lib/gcc/arm-none-eabi/9.3.1/../../../../arm-none-eabi/lib/thumb/v7-m/nofp\libc_nano.a(lib_a-mlock.o)
                0x00000000080043ec                __malloc_unlock
 .text.__ssputs_r
                0x00000000080043f8       0xb6 d:/stmcubeide/stm32cubeide_1.7.0/stm32cubeide/plugins/com.st.stm32cube.ide.mcu.externaltools.gnu-tools-for-stm32.9-2020-q2-update.win32_2.0.0.202105311346/tools/bin/../lib/gcc/arm-none-eabi/9.3.1/../../../../arm-none-eabi/lib/thumb/v7-m/nofp\libc_nano.a(lib_a-nano-svfprintf.o)
                0x00000000080043f8                __ssputs_r
 *fill*         0x00000000080044ae        0x2 
 .text._svfprintf_r
                0x00000000080044b0      0x200 d:/stmcubeide/stm32cubeide_1.7.0/stm32cubeide/plugins/com.st.stm32cube.ide.mcu.externaltools.gnu-tools-for-stm32.9-2020-q2-update.win32_2.0.0.202105311346/tools/bin/../lib/gcc/arm-none-eabi/9.3.1/../../../../arm-none-eabi/lib/thumb/v7-m/nofp\libc_nano.a(lib_a-nano-svfprintf.o)
                0x00000000080044b0                _svfiprintf_r
                0x00000000080044b0                _svfprintf_r
 .text._printf_common
                0x00000000080046b0       0xde d:/stmcubeide/stm32cubeide_1.7.0/stm32cubeide/plugins/com.st.stm32cube.ide.mcu.externaltools.gnu-tools-for-stm32.9-2020-q2-update.win32_2.0.0.202105311346/tools/bin/../lib/gcc/arm-none-eabi/9.3.1/../../../../arm-none-eabi/lib/thumb/v7-m/nofp\libc_nano.a(lib_a-nano-vfprintf_i.o)
                0x00000000080046b0                _printf_common
 *fill*         0x000000000800478e        0x2 
 .text._printf_i
                0x0000000008004790      0x24c d:/stmcubeide/stm32cubeide_1.7.0/stm32cubeide/plugins/com.st.stm32cube.ide.mcu.externaltools.gnu-tools-for-stm32.9-2020-q2-update.win32_2.0.0.202105311346/tools/bin/../lib/gcc/arm-none-eabi/9.3.1/../../../../arm-none-eabi/lib/thumb/v7-m/nofp\libc_nano.a(lib_a-nano-vfprintf_i.o)
                0x0000000008004790                _printf_i
 .text.__retarget_lock_acquire_recursive
                0x00000000080049dc        0x2 d:/stmcubeide/stm32cubeide_1.7.0/stm32cubeide/plugins/com.st.stm32cube.ide.mcu.externaltools.gnu-tools-for-stm32.9-2020-q2-update.win32_2.0.0.202105311346/tools/bin/../lib/gcc/arm-none-eabi/9.3.1/../../../../arm-none-eabi/lib/thumb/v7-m/nofp\libc_nano.a(lib_a-lock.o)
                0x00000000080049dc                __retarget_lock_acquire_recursive
 .text.__retarget_lock_release_recursive
                0x00000000080049de        0x2 d:/stmcubeide/stm32cubeide_1.7.0/stm32cubeide/plugins/com.st.stm32cube.ide.mcu.externaltools.gnu-tools-for-stm32.9-2020-q2-update.win32_2.0.0.202105311346/tools/bin/../lib/gcc/arm-none-eabi/9.3.1/../../../../arm-none-eabi/lib/thumb/v7-m/nofp\libc_nano.a(lib_a-lock.o)
                0x00000000080049de                __retarget_lock_release_recursive
 .text.memchr   0x00000000080049e0       0x1c d:/stmcubeide/stm32cubeide_1.7.0/stm32cubeide/plugins/com.st.stm32cube.ide.mcu.externaltools.gnu-tools-for-stm32.9-2020-q2-update.win32_2.0.0.202105311346/tools/bin/../lib/gcc/arm-none-eabi/9.3.1/../../../../arm-none-eabi/lib/thumb/v7-m/nofp\libc_nano.a(lib_a-memchr-stub.o)
                0x00000000080049e0                memchr
 .text.memcpy   0x00000000080049fc       0x1c d:/stmcubeide/stm32cubeide_1.7.0/stm32cubeide/plugins/com.st.stm32cube.ide.mcu.externaltools.gnu-tools-for-stm32.9-2020-q2-update.win32_2.0.0.202105311346/tools/bin/../lib/gcc/arm-none-eabi/9.3.1/../../../../arm-none-eabi/lib/thumb/v7-m/nofp\libc_nano.a(lib_a-memcpy-stub.o)
                0x00000000080049fc                memcpy
 .text.memmove  0x0000000008004a18       0x34 d:/stmcubeide/stm32cubeide_1.7.0/stm32cubeide/plugins/com.st.stm32cube.ide.mcu.externaltools.gnu-tools-for-stm32.9-2020-q2-update.win32_2.0.0.202105311346/tools/bin/../lib/gcc/arm-none-eabi/9.3.1/../../../../arm-none-eabi/lib/thumb/v7-m/nofp\libc_nano.a(lib_a-memmove.o)
                0x0000000008004a18                memmove
 .text._realloc_r
                0x0000000008004a4c       0x4c d:/stmcubeide/stm32cubeide_1.7.0/stm32cubeide/plugins/com.st.stm32cube.ide.mcu.externaltools.gnu-tools-for-stm32.9-2020-q2-update.win32_2.0.0.202105311346/tools/bin/../lib/gcc/arm-none-eabi/9.3.1/../../../../arm-none-eabi/lib/thumb/v7-m/nofp\libc_nano.a(lib_a-nano-reallocr.o)
                0x0000000008004a4c                _realloc_r
 .text._malloc_usable_size_r
                0x0000000008004a98       0x10 d:/stmcubeide/stm32cubeide_1.7.0/stm32cubeide/plugins/com.st.stm32cube.ide.mcu.externaltools.gnu-tools-for-stm32.9-2020-q2-update.win32_2.0.0.202105311346/tools/bin/../lib/gcc/arm-none-eabi/9.3.1/../../../../arm-none-eabi/lib/thumb/v7-m/nofp\libc_nano.a(lib_a-nano-msizer.o)
                0x0000000008004a98                _malloc_usable_size_r
 *(.glue_7)
 .glue_7        0x0000000008004aa8        0x0 linker stubs
 *(.glue_7t)
 .glue_7t       0x0000000008004aa8        0x0 linker stubs
 *(.eh_frame)
 .eh_frame      0x0000000008004aa8        0x0 d:/stmcubeide/stm32cubeide_1.7.0/stm32cubeide/plugins/com.st.stm32cube.ide.mcu.externaltools.gnu-tools-for-stm32.9-2020-q2-update.win32_2.0.0.202105311346/tools/bin/../lib/gcc/arm-none-eabi/9.3.1/thumb/v7-m/nofp/crtbegin.o
 *(.init)
 .init          0x0000000008004aa8        0x4 d:/stmcubeide/stm32cubeide_1.7.0/stm32cubeide/plugins/com.st.stm32cube.ide.mcu.externaltools.gnu-tools-for-stm32.9-2020-q2-update.win32_2.0.0.202105311346/tools/bin/../lib/gcc/arm-none-eabi/9.3.1/thumb/v7-m/nofp/crti.o
                0x0000000008004aa8                _init
 .init          0x0000000008004aac        0x8 d:/stmcubeide/stm32cubeide_1.7.0/stm32cubeide/plugins/com.st.stm32cube.ide.mcu.externaltools.gnu-tools-for-stm32.9-2020-q2-update.win32_2.0.0.202105311346/tools/bin/../lib/gcc/arm-none-eabi/9.3.1/thumb/v7-m/nofp/crtn.o
 *(.fini)
 .fini          0x0000000008004ab4        0x4 d:/stmcubeide/stm32cubeide_1.7.0/stm32cubeide/plugins/com.st.stm32cube.ide.mcu.externaltools.gnu-tools-for-stm32.9-2020-q2-update.win32_2.0.0.202105311346/tools/bin/../lib/gcc/arm-none-eabi/9.3.1/thumb/v7-m/nofp/crti.o
                0x0000000008004ab4                _fini
 .fini          0x0000000008004ab8        0x8 d:/stmcubeide/stm32cubeide_1.7.0/stm32cubeide/plugins/com.st.stm32cube.ide.mcu.externaltools.gnu-tools-for-stm32.9-2020-q2-update.win32_2.0.0.202105311346/tools/bin/../lib/gcc/arm-none-eabi/9.3.1/thumb/v7-m/nofp/crtn.o
                0x0000000008004ac0                . = ALIGN (0x4)
                0x0000000008004ac0                _etext = .

.vfp11_veneer   0x0000000008004ac0        0x0
 .vfp11_veneer  0x0000000008004ac0        0x0 linker stubs

.v4_bx          0x0000000008004ac0        0x0
 .v4_bx         0x0000000008004ac0        0x0 linker stubs

.iplt           0x0000000008004ac0        0x0
 .iplt          0x0000000008004ac0        0x0 d:/stmcubeide/stm32cubeide_1.7.0/stm32cubeide/plugins/com.st.stm32cube.ide.mcu.externaltools.gnu-tools-for-stm32.9-2020-q2-update.win32_2.0.0.202105311346/tools/bin/../lib/gcc/arm-none-eabi/9.3.1/thumb/v7-m/nofp/crtbegin.o

.rodata         0x0000000008004ac0      0x178
                0x0000000008004ac0                . = ALIGN (0x4)
 *(.rodata)
 .rodata        0x0000000008004ac0       0x3d ./Core/Src/fsm_automatic.o
 *fill*         0x0000000008004afd        0x3 
 .rodata        0x0000000008004b00       0x4a ./Core/Src/fsm_manual.o
 *fill*         0x0000000008004b4a        0x2 
 .rodata        0x0000000008004b4c       0x8b ./Core/Src/fsm_settings_run.o
 *(.rodata*)
 *fill*         0x0000000008004bd7        0x1 
 .rodata.AHBPrescTable
                0x0000000008004bd8       0x10 ./Core/Src/system_stm32f1xx.o
                0x0000000008004bd8                AHBPrescTable
 .rodata.APBPrescTable
                0x0000000008004be8        0x8 ./Core/Src/system_stm32f1xx.o
                0x0000000008004be8                APBPrescTable
 .rodata.aPLLMULFactorTable.6442
                0x0000000008004bf0       0x10 ./Drivers/STM32F1xx_HAL_Driver/Src/stm32f1xx_hal_rcc.o
 .rodata.aPredivFactorTable.6443
                0x0000000008004c00        0x2 ./Drivers/STM32F1xx_HAL_Driver/Src/stm32f1xx_hal_rcc.o
 .rodata._svfprintf_r.str1.1
                0x0000000008004c02       0x11 d:/stmcubeide/stm32cubeide_1.7.0/stm32cubeide/plugins/com.st.stm32cube.ide.mcu.externaltools.gnu-tools-for-stm32.9-2020-q2-update.win32_2.0.0.202105311346/tools/bin/../lib/gcc/arm-none-eabi/9.3.1/../../../../arm-none-eabi/lib/thumb/v7-m/nofp\libc_nano.a(lib_a-nano-svfprintf.o)
 .rodata._printf_i.str1.1
                0x0000000008004c13       0x22 d:/stmcubeide/stm32cubeide_1.7.0/stm32cubeide/plugins/com.st.stm32cube.ide.mcu.externaltools.gnu-tools-for-stm32.9-2020-q2-update.win32_2.0.0.202105311346/tools/bin/../lib/gcc/arm-none-eabi/9.3.1/../../../../arm-none-eabi/lib/thumb/v7-m/nofp\libc_nano.a(lib_a-nano-vfprintf_i.o)
                0x0000000008004c38                . = ALIGN (0x4)
 *fill*         0x0000000008004c35        0x3 

.rel.dyn        0x0000000008004c38        0x0
 .rel.iplt      0x0000000008004c38        0x0 d:/stmcubeide/stm32cubeide_1.7.0/stm32cubeide/plugins/com.st.stm32cube.ide.mcu.externaltools.gnu-tools-for-stm32.9-2020-q2-update.win32_2.0.0.202105311346/tools/bin/../lib/gcc/arm-none-eabi/9.3.1/thumb/v7-m/nofp/crtbegin.o

.ARM.extab      0x0000000008004c38        0x0
                0x0000000008004c38                . = ALIGN (0x4)
 *(.ARM.extab* .gnu.linkonce.armextab.*)
                0x0000000008004c38                . = ALIGN (0x4)

.ARM            0x0000000008004c38        0x0
                0x0000000008004c38                . = ALIGN (0x4)
                0x0000000008004c38                __exidx_start = .
 *(.ARM.exidx*)
                0x0000000008004c38                __exidx_end = .
                0x0000000008004c38                . = ALIGN (0x4)

.preinit_array  0x0000000008004c38        0x0
                0x0000000008004c38                . = ALIGN (0x4)
                0x0000000008004c38                PROVIDE (__preinit_array_start = .)
 *(.preinit_array*)
                0x0000000008004c38                PROVIDE (__preinit_array_end = .)
                0x0000000008004c38                . = ALIGN (0x4)

.init_array     0x0000000008004c38        0x4
                0x0000000008004c38                . = ALIGN (0x4)
                0x0000000008004c38                PROVIDE (__init_array_start = .)
 *(SORT_BY_NAME(.init_array.*))
 *(.init_array*)
 .init_array    0x0000000008004c38        0x4 d:/stmcubeide/stm32cubeide_1.7.0/stm32cubeide/plugins/com.st.stm32cube.ide.mcu.externaltools.gnu-tools-for-stm32.9-2020-q2-update.win32_2.0.0.202105311346/tools/bin/../lib/gcc/arm-none-eabi/9.3.1/thumb/v7-m/nofp/crtbegin.o
                0x0000000008004c3c                PROVIDE (__init_array_end = .)
                0x0000000008004c3c                . = ALIGN (0x4)

.fini_array     0x0000000008004c3c        0x4
                0x0000000008004c3c                . = ALIGN (0x4)
                [!provide]                        PROVIDE (__fini_array_start = .)
 *(SORT_BY_NAME(.fini_array.*))
 *(.fini_array*)
 .fini_array    0x0000000008004c3c        0x4 d:/stmcubeide/stm32cubeide_1.7.0/stm32cubeide/plugins/com.st.stm32cube.ide.mcu.externaltools.gnu-tools-for-stm32.9-2020-q2-update.win32_2.0.0.202105311346/tools/bin/../lib/gcc/arm-none-eabi/9.3.1/thumb/v7-m/nofp/crtbegin.o
                [!provide]                        PROVIDE (__fini_array_end = .)
                0x0000000008004c40                . = ALIGN (0x4)
                0x0000000008004c40                _sidata = LOADADDR (.data)

.data           0x0000000020000000       0xc4 load address 0x0000000008004c40
                0x0000000020000000                . = ALIGN (0x4)
                0x0000000020000000                _sdata = .
 *(.data)
 *(.data*)
 .data.KeyReg0  0x0000000020000000        0xc ./Core/Src/button.o
                0x0000000020000000                KeyReg0
 .data.KeyReg1  0x000000002000000c        0xc ./Core/Src/button.o
                0x000000002000000c                KeyReg1
 .data.KeyReg2  0x0000000020000018        0xc ./Core/Src/button.o
                0x0000000020000018                KeyReg2
 .data.KeyReg3  0x0000000020000024        0xc ./Core/Src/button.o
                0x0000000020000024                KeyReg3
 .data.counter  0x0000000020000030        0xc ./Core/Src/button.o
                0x0000000020000030                counter
 .data.greentime
                0x000000002000003c        0x4 ./Core/Src/fsm_settings_run.o
                0x000000002000003c                greentime
 .data.redtime  0x0000000020000040        0x4 ./Core/Src/fsm_settings_run.o
                0x0000000020000040                redtime
 .data.ambertime
                0x0000000020000044        0x4 ./Core/Src/fsm_settings_run.o
                0x0000000020000044                ambertime
 .data.tmp_greentime
                0x0000000020000048        0x4 ./Core/Src/fsm_settings_run.o
                0x0000000020000048                tmp_greentime
 .data.tmp_redtime
                0x000000002000004c        0x4 ./Core/Src/fsm_settings_run.o
                0x000000002000004c                tmp_redtime
 .data.tmp_ambertime
                0x0000000020000050        0x4 ./Core/Src/fsm_settings_run.o
                0x0000000020000050                tmp_ambertime
 .data.SystemCoreClock
                0x0000000020000054        0x4 ./Core/Src/system_stm32f1xx.o
                0x0000000020000054                SystemCoreClock
 .data.uwTickPrio
                0x0000000020000058        0x4 ./Drivers/STM32F1xx_HAL_Driver/Src/stm32f1xx_hal.o
                0x0000000020000058                uwTickPrio
 .data.uwTickFreq
                0x000000002000005c        0x1 ./Drivers/STM32F1xx_HAL_Driver/Src/stm32f1xx_hal.o
                0x000000002000005c                uwTickFreq
 *fill*         0x000000002000005d        0x3 
 .data._impure_ptr
                0x0000000020000060        0x4 d:/stmcubeide/stm32cubeide_1.7.0/stm32cubeide/plugins/com.st.stm32cube.ide.mcu.externaltools.gnu-tools-for-stm32.9-2020-q2-update.win32_2.0.0.202105311346/tools/bin/../lib/gcc/arm-none-eabi/9.3.1/../../../../arm-none-eabi/lib/thumb/v7-m/nofp\libc_nano.a(lib_a-impure.o)
                0x0000000020000060                _impure_ptr
 .data.impure_data
                0x0000000020000064       0x60 d:/stmcubeide/stm32cubeide_1.7.0/stm32cubeide/plugins/com.st.stm32cube.ide.mcu.externaltools.gnu-tools-for-stm32.9-2020-q2-update.win32_2.0.0.202105311346/tools/bin/../lib/gcc/arm-none-eabi/9.3.1/../../../../arm-none-eabi/lib/thumb/v7-m/nofp\libc_nano.a(lib_a-impure.o)
 *(.RamFunc)
 *(.RamFunc*)
                0x00000000200000c4                . = ALIGN (0x4)
                0x00000000200000c4                _edata = .

.igot.plt       0x00000000200000c4        0x0 load address 0x0000000008004d04
 .igot.plt      0x00000000200000c4        0x0 d:/stmcubeide/stm32cubeide_1.7.0/stm32cubeide/plugins/com.st.stm32cube.ide.mcu.externaltools.gnu-tools-for-stm32.9-2020-q2-update.win32_2.0.0.202105311346/tools/bin/../lib/gcc/arm-none-eabi/9.3.1/thumb/v7-m/nofp/crtbegin.o
                0x00000000200000c4                . = ALIGN (0x4)

.bss            0x00000000200000c4      0x228 load address 0x0000000008004d04
                0x00000000200000c4                _sbss = .
                0x00000000200000c4                __bss_start__ = _sbss
 *(.bss)
 .bss           0x00000000200000c4       0x1c d:/stmcubeide/stm32cubeide_1.7.0/stm32cubeide/plugins/com.st.stm32cube.ide.mcu.externaltools.gnu-tools-for-stm32.9-2020-q2-update.win32_2.0.0.202105311346/tools/bin/../lib/gcc/arm-none-eabi/9.3.1/thumb/v7-m/nofp/crtbegin.o
 *(.bss*)
 .bss.second    0x00000000200000e0        0x4 ./Core/Src/fsm_automatic.o
                0x00000000200000e0                second
 .bss.toggle    0x00000000200000e4        0x4 ./Core/Src/fsm_settings_run.o
                0x00000000200000e4                toggle
 .bss.status    0x00000000200000e8        0x4 ./Core/Src/global.o
                0x00000000200000e8                status
 .bss.index_led
                0x00000000200000ec        0x4 ./Core/Src/led7_segment.o
                0x00000000200000ec                index_led
 .bss.__sbrk_heap_end
                0x00000000200000f0        0x4 ./Core/Src/sysmem.o
 .bss.__malloc_free_list
                0x00000000200000f4        0x4 d:/stmcubeide/stm32cubeide_1.7.0/stm32cubeide/plugins/com.st.stm32cube.ide.mcu.externaltools.gnu-tools-for-stm32.9-2020-q2-update.win32_2.0.0.202105311346/tools/bin/../lib/gcc/arm-none-eabi/9.3.1/../../../../arm-none-eabi/lib/thumb/v7-m/nofp\libc_nano.a(lib_a-nano-mallocr.o)
                0x00000000200000f4                __malloc_free_list
 .bss.__malloc_sbrk_start
                0x00000000200000f8        0x4 d:/stmcubeide/stm32cubeide_1.7.0/stm32cubeide/plugins/com.st.stm32cube.ide.mcu.externaltools.gnu-tools-for-stm32.9-2020-q2-update.win32_2.0.0.202105311346/tools/bin/../lib/gcc/arm-none-eabi/9.3.1/../../../../arm-none-eabi/lib/thumb/v7-m/nofp\libc_nano.a(lib_a-nano-mallocr.o)
                0x00000000200000f8                __malloc_sbrk_start
 *(COMMON)
 COMMON         0x00000000200000fc       0x18 ./Core/Src/button.o
                0x00000000200000fc                button_counter
                0x0000000020000108                button_flag
 COMMON         0x0000000020000114       0x18 ./Core/Src/fsm_automatic.o
                0x0000000020000114                led_buffer
                0x0000000020000124                count1
                0x0000000020000128                count0
 COMMON         0x000000002000012c       0xe4 ./Core/Src/main.o
                0x000000002000012c                hi2c1
                0x0000000020000180                htim2
                0x00000000200001c8                huart2
 COMMON         0x0000000020000210       0xc8 ./Core/Src/scheduler.o
                0x0000000020000210                SCH_tasks_G
 COMMON         0x00000000200002d8        0x4 ./Drivers/STM32F1xx_HAL_Driver/Src/stm32f1xx_hal.o
                0x00000000200002d8                uwTick
 COMMON         0x00000000200002dc        0x4 d:/stmcubeide/stm32cubeide_1.7.0/stm32cubeide/plugins/com.st.stm32cube.ide.mcu.externaltools.gnu-tools-for-stm32.9-2020-q2-update.win32_2.0.0.202105311346/tools/bin/../lib/gcc/arm-none-eabi/9.3.1/../../../../arm-none-eabi/lib/thumb/v7-m/nofp\libc_nano.a(lib_a-reent.o)
                0x00000000200002dc                errno
 COMMON         0x00000000200002e0        0x9 d:/stmcubeide/stm32cubeide_1.7.0/stm32cubeide/plugins/com.st.stm32cube.ide.mcu.externaltools.gnu-tools-for-stm32.9-2020-q2-update.win32_2.0.0.202105311346/tools/bin/../lib/gcc/arm-none-eabi/9.3.1/../../../../arm-none-eabi/lib/thumb/v7-m/nofp\libc_nano.a(lib_a-lock.o)
                0x00000000200002e0                __lock___atexit_recursive_mutex
                0x00000000200002e1                __lock___arc4random_mutex
                0x00000000200002e2                __lock___env_recursive_mutex
                0x00000000200002e3                __lock___sinit_recursive_mutex
                0x00000000200002e4                __lock___malloc_recursive_mutex
                0x00000000200002e5                __lock___at_quick_exit_mutex
                0x00000000200002e6                __lock___dd_hash_mutex
                0x00000000200002e7                __lock___tz_mutex
                0x00000000200002e8                __lock___sfp_recursive_mutex
                0x00000000200002ec                . = ALIGN (0x4)
 *fill*         0x00000000200002e9        0x3 
                0x00000000200002ec                _ebss = .
                0x00000000200002ec                __bss_end__ = _ebss

._user_heap_stack
                0x00000000200002ec      0x604 load address 0x0000000008004d04
                0x00000000200002f0                . = ALIGN (0x8)
 *fill*         0x00000000200002ec        0x4 
                [!provide]                        PROVIDE (end = .)
                0x00000000200002f0                PROVIDE (_end = .)
                0x00000000200004f0                . = (. + _Min_Heap_Size)
 *fill*         0x00000000200002f0      0x200 
                0x00000000200008f0                . = (. + _Min_Stack_Size)
 *fill*         0x00000000200004f0      0x400 
                0x00000000200008f0                . = ALIGN (0x8)

/DISCARD/
 libc.a(*)
 libm.a(*)
 libgcc.a(*)

.ARM.attributes
                0x0000000000000000       0x29
 *(.ARM.attributes)
 .ARM.attributes
                0x0000000000000000       0x1d d:/stmcubeide/stm32cubeide_1.7.0/stm32cubeide/plugins/com.st.stm32cube.ide.mcu.externaltools.gnu-tools-for-stm32.9-2020-q2-update.win32_2.0.0.202105311346/tools/bin/../lib/gcc/arm-none-eabi/9.3.1/thumb/v7-m/nofp/crti.o
 .ARM.attributes
                0x000000000000001d       0x2d d:/stmcubeide/stm32cubeide_1.7.0/stm32cubeide/plugins/com.st.stm32cube.ide.mcu.externaltools.gnu-tools-for-stm32.9-2020-q2-update.win32_2.0.0.202105311346/tools/bin/../lib/gcc/arm-none-eabi/9.3.1/thumb/v7-m/nofp/crtbegin.o
 .ARM.attributes
                0x000000000000004a       0x2d ./Core/Src/button.o
 .ARM.attributes
                0x0000000000000077       0x2d ./Core/Src/fsm_automatic.o
 .ARM.attributes
                0x00000000000000a4       0x2d ./Core/Src/fsm_manual.o
 .ARM.attributes
                0x00000000000000d1       0x2d ./Core/Src/fsm_settings_run.o
 .ARM.attributes
                0x00000000000000fe       0x33 ./Core/Src/global.o
 .ARM.attributes
                0x0000000000000131       0x2d ./Core/Src/i2c_lcd.o
 .ARM.attributes
                0x000000000000015e       0x2d ./Core/Src/led7_segment.o
 .ARM.attributes
                0x000000000000018b       0x2d ./Core/Src/main.o
 .ARM.attributes
                0x00000000000001b8       0x2d ./Core/Src/scheduler.o
 .ARM.attributes
                0x00000000000001e5       0x2d ./Core/Src/stm32f1xx_hal_msp.o
 .ARM.attributes
                0x0000000000000212       0x2d ./Core/Src/stm32f1xx_it.o
 .ARM.attributes
                0x000000000000023f       0x2d ./Core/Src/sysmem.o
 .ARM.attributes
                0x000000000000026c       0x2d ./Core/Src/system_stm32f1xx.o
 .ARM.attributes
                0x0000000000000299       0x2d ./Core/Src/traffic_light.o
 .ARM.attributes
                0x00000000000002c6       0x21 ./Core/Startup/startup_stm32f103rbtx.o
 .ARM.attributes
                0x00000000000002e7       0x2d ./Drivers/STM32F1xx_HAL_Driver/Src/stm32f1xx_hal.o
 .ARM.attributes
                0x0000000000000314       0x2d ./Drivers/STM32F1xx_HAL_Driver/Src/stm32f1xx_hal_cortex.o
 .ARM.attributes
                0x0000000000000341       0x2d ./Drivers/STM32F1xx_HAL_Driver/Src/stm32f1xx_hal_gpio.o
 .ARM.attributes
                0x000000000000036e       0x2d ./Drivers/STM32F1xx_HAL_Driver/Src/stm32f1xx_hal_i2c.o
 .ARM.attributes
                0x000000000000039b       0x2d ./Drivers/STM32F1xx_HAL_Driver/Src/stm32f1xx_hal_rcc.o
 .ARM.attributes
                0x00000000000003c8       0x2d ./Drivers/STM32F1xx_HAL_Driver/Src/stm32f1xx_hal_tim.o
 .ARM.attributes
                0x00000000000003f5       0x2d ./Drivers/STM32F1xx_HAL_Driver/Src/stm32f1xx_hal_tim_ex.o
 .ARM.attributes
                0x0000000000000422       0x2d ./Drivers/STM32F1xx_HAL_Driver/Src/stm32f1xx_hal_uart.o
 .ARM.attributes
                0x000000000000044f       0x2d d:/stmcubeide/stm32cubeide_1.7.0/stm32cubeide/plugins/com.st.stm32cube.ide.mcu.externaltools.gnu-tools-for-stm32.9-2020-q2-update.win32_2.0.0.202105311346/tools/bin/../lib/gcc/arm-none-eabi/9.3.1/../../../../arm-none-eabi/lib/thumb/v7-m/nofp\libc_nano.a(lib_a-errno.o)
 .ARM.attributes
                0x000000000000047c       0x2d d:/stmcubeide/stm32cubeide_1.7.0/stm32cubeide/plugins/com.st.stm32cube.ide.mcu.externaltools.gnu-tools-for-stm32.9-2020-q2-update.win32_2.0.0.202105311346/tools/bin/../lib/gcc/arm-none-eabi/9.3.1/../../../../arm-none-eabi/lib/thumb/v7-m/nofp\libc_nano.a(lib_a-impure.o)
 .ARM.attributes
                0x00000000000004a9       0x2d d:/stmcubeide/stm32cubeide_1.7.0/stm32cubeide/plugins/com.st.stm32cube.ide.mcu.externaltools.gnu-tools-for-stm32.9-2020-q2-update.win32_2.0.0.202105311346/tools/bin/../lib/gcc/arm-none-eabi/9.3.1/../../../../arm-none-eabi/lib/thumb/v7-m/nofp\libc_nano.a(lib_a-init.o)
 .ARM.attributes
                0x00000000000004d6       0x2d d:/stmcubeide/stm32cubeide_1.7.0/stm32cubeide/plugins/com.st.stm32cube.ide.mcu.externaltools.gnu-tools-for-stm32.9-2020-q2-update.win32_2.0.0.202105311346/tools/bin/../lib/gcc/arm-none-eabi/9.3.1/../../../../arm-none-eabi/lib/thumb/v7-m/nofp\libc_nano.a(lib_a-memset.o)
 .ARM.attributes
                0x0000000000000503       0x2d d:/stmcubeide/stm32cubeide_1.7.0/stm32cubeide/plugins/com.st.stm32cube.ide.mcu.externaltools.gnu-tools-for-stm32.9-2020-q2-update.win32_2.0.0.202105311346/tools/bin/../lib/gcc/arm-none-eabi/9.3.1/../../../../arm-none-eabi/lib/thumb/v7-m/nofp\libc_nano.a(lib_a-nano-freer.o)
 .ARM.attributes
                0x0000000000000530       0x2d d:/stmcubeide/stm32cubeide_1.7.0/stm32cubeide/plugins/com.st.stm32cube.ide.mcu.externaltools.gnu-tools-for-stm32.9-2020-q2-update.win32_2.0.0.202105311346/tools/bin/../lib/gcc/arm-none-eabi/9.3.1/../../../../arm-none-eabi/lib/thumb/v7-m/nofp\libc_nano.a(lib_a-nano-mallocr.o)
 .ARM.attributes
                0x000000000000055d       0x2d d:/stmcubeide/stm32cubeide_1.7.0/stm32cubeide/plugins/com.st.stm32cube.ide.mcu.externaltools.gnu-tools-for-stm32.9-2020-q2-update.win32_2.0.0.202105311346/tools/bin/../lib/gcc/arm-none-eabi/9.3.1/../../../../arm-none-eabi/lib/thumb/v7-m/nofp\libc_nano.a(lib_a-sbrkr.o)
 .ARM.attributes
                0x000000000000058a       0x2d d:/stmcubeide/stm32cubeide_1.7.0/stm32cubeide/plugins/com.st.stm32cube.ide.mcu.externaltools.gnu-tools-for-stm32.9-2020-q2-update.win32_2.0.0.202105311346/tools/bin/../lib/gcc/arm-none-eabi/9.3.1/../../../../arm-none-eabi/lib/thumb/v7-m/nofp\libc_nano.a(lib_a-sprintf.o)
 .ARM.attributes
                0x00000000000005b7       0x2d d:/stmcubeide/stm32cubeide_1.7.0/stm32cubeide/plugins/com.st.stm32cube.ide.mcu.externaltools.gnu-tools-for-stm32.9-2020-q2-update.win32_2.0.0.202105311346/tools/bin/../lib/gcc/arm-none-eabi/9.3.1/../../../../arm-none-eabi/lib/thumb/v7-m/nofp\libc_nano.a(lib_a-mlock.o)
 .ARM.attributes
                0x00000000000005e4       0x2d d:/stmcubeide/stm32cubeide_1.7.0/stm32cubeide/plugins/com.st.stm32cube.ide.mcu.externaltools.gnu-tools-for-stm32.9-2020-q2-update.win32_2.0.0.202105311346/tools/bin/../lib/gcc/arm-none-eabi/9.3.1/../../../../arm-none-eabi/lib/thumb/v7-m/nofp\libc_nano.a(lib_a-nano-svfprintf.o)
 .ARM.attributes
                0x0000000000000611       0x2d d:/stmcubeide/stm32cubeide_1.7.0/stm32cubeide/plugins/com.st.stm32cube.ide.mcu.externaltools.gnu-tools-for-stm32.9-2020-q2-update.win32_2.0.0.202105311346/tools/bin/../lib/gcc/arm-none-eabi/9.3.1/../../../../arm-none-eabi/lib/thumb/v7-m/nofp\libc_nano.a(lib_a-nano-vfprintf_i.o)
 .ARM.attributes
                0x000000000000063e       0x2d d:/stmcubeide/stm32cubeide_1.7.0/stm32cubeide/plugins/com.st.stm32cube.ide.mcu.externaltools.gnu-tools-for-stm32.9-2020-q2-update.win32_2.0.0.202105311346/tools/bin/../lib/gcc/arm-none-eabi/9.3.1/../../../../arm-none-eabi/lib/thumb/v7-m/nofp\libc_nano.a(lib_a-reent.o)
 .ARM.attributes
                0x000000000000066b       0x2d d:/stmcubeide/stm32cubeide_1.7.0/stm32cubeide/plugins/com.st.stm32cube.ide.mcu.externaltools.gnu-tools-for-stm32.9-2020-q2-update.win32_2.0.0.202105311346/tools/bin/../lib/gcc/arm-none-eabi/9.3.1/../../../../arm-none-eabi/lib/thumb/v7-m/nofp\libc_nano.a(lib_a-lock.o)
 .ARM.attributes
                0x0000000000000698       0x2d d:/stmcubeide/stm32cubeide_1.7.0/stm32cubeide/plugins/com.st.stm32cube.ide.mcu.externaltools.gnu-tools-for-stm32.9-2020-q2-update.win32_2.0.0.202105311346/tools/bin/../lib/gcc/arm-none-eabi/9.3.1/../../../../arm-none-eabi/lib/thumb/v7-m/nofp\libc_nano.a(lib_a-memchr-stub.o)
 .ARM.attributes
                0x00000000000006c5       0x2d d:/stmcubeide/stm32cubeide_1.7.0/stm32cubeide/plugins/com.st.stm32cube.ide.mcu.externaltools.gnu-tools-for-stm32.9-2020-q2-update.win32_2.0.0.202105311346/tools/bin/../lib/gcc/arm-none-eabi/9.3.1/../../../../arm-none-eabi/lib/thumb/v7-m/nofp\libc_nano.a(lib_a-memcpy-stub.o)
 .ARM.attributes
                0x00000000000006f2       0x2d d:/stmcubeide/stm32cubeide_1.7.0/stm32cubeide/plugins/com.st.stm32cube.ide.mcu.externaltools.gnu-tools-for-stm32.9-2020-q2-update.win32_2.0.0.202105311346/tools/bin/../lib/gcc/arm-none-eabi/9.3.1/../../../../arm-none-eabi/lib/thumb/v7-m/nofp\libc_nano.a(lib_a-memmove.o)
 .ARM.attributes
                0x000000000000071f       0x2d d:/stmcubeide/stm32cubeide_1.7.0/stm32cubeide/plugins/com.st.stm32cube.ide.mcu.externaltools.gnu-tools-for-stm32.9-2020-q2-update.win32_2.0.0.202105311346/tools/bin/../lib/gcc/arm-none-eabi/9.3.1/../../../../arm-none-eabi/lib/thumb/v7-m/nofp\libc_nano.a(lib_a-nano-reallocr.o)
 .ARM.attributes
                0x000000000000074c       0x2d d:/stmcubeide/stm32cubeide_1.7.0/stm32cubeide/plugins/com.st.stm32cube.ide.mcu.externaltools.gnu-tools-for-stm32.9-2020-q2-update.win32_2.0.0.202105311346/tools/bin/../lib/gcc/arm-none-eabi/9.3.1/../../../../arm-none-eabi/lib/thumb/v7-m/nofp\libc_nano.a(lib_a-nano-msizer.o)
 .ARM.attributes
                0x0000000000000779       0x1d d:/stmcubeide/stm32cubeide_1.7.0/stm32cubeide/plugins/com.st.stm32cube.ide.mcu.externaltools.gnu-tools-for-stm32.9-2020-q2-update.win32_2.0.0.202105311346/tools/bin/../lib/gcc/arm-none-eabi/9.3.1/thumb/v7-m/nofp/crtn.o
OUTPUT(VXL-BTL.elf elf32-littlearm)
LOAD linker stubs
LOAD d:/stmcubeide/stm32cubeide_1.7.0/stm32cubeide/plugins/com.st.stm32cube.ide.mcu.externaltools.gnu-tools-for-stm32.9-2020-q2-update.win32_2.0.0.202105311346/tools/bin/../lib/gcc/arm-none-eabi/9.3.1/../../../../arm-none-eabi/lib/thumb/v7-m/nofp\libc.a
LOAD d:/stmcubeide/stm32cubeide_1.7.0/stm32cubeide/plugins/com.st.stm32cube.ide.mcu.externaltools.gnu-tools-for-stm32.9-2020-q2-update.win32_2.0.0.202105311346/tools/bin/../lib/gcc/arm-none-eabi/9.3.1/../../../../arm-none-eabi/lib/thumb/v7-m/nofp\libm.a
LOAD d:/stmcubeide/stm32cubeide_1.7.0/stm32cubeide/plugins/com.st.stm32cube.ide.mcu.externaltools.gnu-tools-for-stm32.9-2020-q2-update.win32_2.0.0.202105311346/tools/bin/../lib/gcc/arm-none-eabi/9.3.1/thumb/v7-m/nofp\libgcc.a

.debug_info     0x0000000000000000    0x162eb
 .debug_info    0x0000000000000000      0xc17 ./Core/Src/button.o
 .debug_info    0x0000000000000c17      0xbdd ./Core/Src/fsm_automatic.o
 .debug_info    0x00000000000017f4      0xb16 ./Core/Src/fsm_manual.o
 .debug_info    0x000000000000230a      0xc5c ./Core/Src/fsm_settings_run.o
 .debug_info    0x0000000000002f66      0xa78 ./Core/Src/global.o
 .debug_info    0x00000000000039de     0x10af ./Core/Src/i2c_lcd.o
 .debug_info    0x0000000000004a8d      0xb3c ./Core/Src/led7_segment.o
 .debug_info    0x00000000000055c9     0x1b69 ./Core/Src/main.o
 .debug_info    0x0000000000007132      0x23b ./Core/Src/scheduler.o
 .debug_info    0x000000000000736d     0x1150 ./Core/Src/stm32f1xx_hal_msp.o
 .debug_info    0x00000000000084bd      0x7e3 ./Core/Src/stm32f1xx_it.o
 .debug_info    0x0000000000008ca0      0xa25 ./Core/Src/sysmem.o
 .debug_info    0x00000000000096c5      0x2be ./Core/Src/system_stm32f1xx.o
 .debug_info    0x0000000000009983      0xbc1 ./Core/Src/traffic_light.o
 .debug_info    0x000000000000a544       0x22 ./Core/Startup/startup_stm32f103rbtx.o
 .debug_info    0x000000000000a566      0x76a ./Drivers/STM32F1xx_HAL_Driver/Src/stm32f1xx_hal.o
 .debug_info    0x000000000000acd0      0xbdc ./Drivers/STM32F1xx_HAL_Driver/Src/stm32f1xx_hal_cortex.o
 .debug_info    0x000000000000b8ac      0x701 ./Drivers/STM32F1xx_HAL_Driver/Src/stm32f1xx_hal_gpio.o
 .debug_info    0x000000000000bfad     0x27cb ./Drivers/STM32F1xx_HAL_Driver/Src/stm32f1xx_hal_i2c.o
 .debug_info    0x000000000000e778      0x893 ./Drivers/STM32F1xx_HAL_Driver/Src/stm32f1xx_hal_rcc.o
 .debug_info    0x000000000000f00b     0x2c32 ./Drivers/STM32F1xx_HAL_Driver/Src/stm32f1xx_hal_tim.o
 .debug_info    0x0000000000011c3d     0x157f ./Drivers/STM32F1xx_HAL_Driver/Src/stm32f1xx_hal_tim_ex.o
 .debug_info    0x00000000000131bc     0x312f ./Drivers/STM32F1xx_HAL_Driver/Src/stm32f1xx_hal_uart.o

.debug_abbrev   0x0000000000000000     0x2f05
 .debug_abbrev  0x0000000000000000      0x24d ./Core/Src/button.o
 .debug_abbrev  0x000000000000024d      0x263 ./Core/Src/fsm_automatic.o
 .debug_abbrev  0x00000000000004b0      0x1e0 ./Core/Src/fsm_manual.o
 .debug_abbrev  0x0000000000000690      0x23a ./Core/Src/fsm_settings_run.o
 .debug_abbrev  0x00000000000008ca      0x1a8 ./Core/Src/global.o
 .debug_abbrev  0x0000000000000a72      0x25e ./Core/Src/i2c_lcd.o
 .debug_abbrev  0x0000000000000cd0      0x238 ./Core/Src/led7_segment.o
 .debug_abbrev  0x0000000000000f08      0x318 ./Core/Src/main.o
 .debug_abbrev  0x0000000000001220      0x129 ./Core/Src/scheduler.o
 .debug_abbrev  0x0000000000001349      0x1c8 ./Core/Src/stm32f1xx_hal_msp.o
 .debug_abbrev  0x0000000000001511      0x176 ./Core/Src/stm32f1xx_it.o
 .debug_abbrev  0x0000000000001687      0x1bf ./Core/Src/sysmem.o
 .debug_abbrev  0x0000000000001846      0x14e ./Core/Src/system_stm32f1xx.o
 .debug_abbrev  0x0000000000001994      0x1cd ./Core/Src/traffic_light.o
 .debug_abbrev  0x0000000000001b61       0x12 ./Core/Startup/startup_stm32f103rbtx.o
 .debug_abbrev  0x0000000000001b73      0x1ed ./Drivers/STM32F1xx_HAL_Driver/Src/stm32f1xx_hal.o
 .debug_abbrev  0x0000000000001d60      0x313 ./Drivers/STM32F1xx_HAL_Driver/Src/stm32f1xx_hal_cortex.o
 .debug_abbrev  0x0000000000002073      0x1e8 ./Drivers/STM32F1xx_HAL_Driver/Src/stm32f1xx_hal_gpio.o
 .debug_abbrev  0x000000000000225b      0x288 ./Drivers/STM32F1xx_HAL_Driver/Src/stm32f1xx_hal_i2c.o
 .debug_abbrev  0x00000000000024e3      0x273 ./Drivers/STM32F1xx_HAL_Driver/Src/stm32f1xx_hal_rcc.o
 .debug_abbrev  0x0000000000002756      0x25e ./Drivers/STM32F1xx_HAL_Driver/Src/stm32f1xx_hal_tim.o
 .debug_abbrev  0x00000000000029b4      0x266 ./Drivers/STM32F1xx_HAL_Driver/Src/stm32f1xx_hal_tim_ex.o
 .debug_abbrev  0x0000000000002c1a      0x2eb ./Drivers/STM32F1xx_HAL_Driver/Src/stm32f1xx_hal_uart.o

.debug_aranges  0x0000000000000000     0x10c8
 .debug_aranges
                0x0000000000000000       0x30 ./Core/Src/button.o
 .debug_aranges
                0x0000000000000030       0x58 ./Core/Src/fsm_automatic.o
 .debug_aranges
                0x0000000000000088       0x38 ./Core/Src/fsm_manual.o
 .debug_aranges
                0x00000000000000c0       0x78 ./Core/Src/fsm_settings_run.o
 .debug_aranges
                0x0000000000000138       0x18 ./Core/Src/global.o
 .debug_aranges
                0x0000000000000150       0x50 ./Core/Src/i2c_lcd.o
 .debug_aranges
                0x00000000000001a0       0x40 ./Core/Src/led7_segment.o
 .debug_aranges
                0x00000000000001e0       0x60 ./Core/Src/main.o
 .debug_aranges
                0x0000000000000240       0x48 ./Core/Src/scheduler.o
 .debug_aranges
                0x0000000000000288       0x50 ./Core/Src/stm32f1xx_hal_msp.o
 .debug_aranges
                0x00000000000002d8       0x70 ./Core/Src/stm32f1xx_it.o
 .debug_aranges
                0x0000000000000348       0x20 ./Core/Src/sysmem.o
 .debug_aranges
                0x0000000000000368       0x28 ./Core/Src/system_stm32f1xx.o
 .debug_aranges
                0x0000000000000390       0x60 ./Core/Src/traffic_light.o
 .debug_aranges
                0x00000000000003f0       0x28 ./Core/Startup/startup_stm32f103rbtx.o
 .debug_aranges
                0x0000000000000418       0xe0 ./Drivers/STM32F1xx_HAL_Driver/Src/stm32f1xx_hal.o
 .debug_aranges
                0x00000000000004f8      0x100 ./Drivers/STM32F1xx_HAL_Driver/Src/stm32f1xx_hal_cortex.o
 .debug_aranges
                0x00000000000005f8       0x58 ./Drivers/STM32F1xx_HAL_Driver/Src/stm32f1xx_hal_gpio.o
 .debug_aranges
                0x0000000000000650      0x2a8 ./Drivers/STM32F1xx_HAL_Driver/Src/stm32f1xx_hal_i2c.o
 .debug_aranges
                0x00000000000008f8       0x90 ./Drivers/STM32F1xx_HAL_Driver/Src/stm32f1xx_hal_rcc.o
 .debug_aranges
                0x0000000000000988      0x3d0 ./Drivers/STM32F1xx_HAL_Driver/Src/stm32f1xx_hal_tim.o
 .debug_aranges
                0x0000000000000d58      0x168 ./Drivers/STM32F1xx_HAL_Driver/Src/stm32f1xx_hal_tim_ex.o
 .debug_aranges
                0x0000000000000ec0      0x208 ./Drivers/STM32F1xx_HAL_Driver/Src/stm32f1xx_hal_uart.o

.debug_ranges   0x0000000000000000      0xfa0
 .debug_ranges  0x0000000000000000       0x20 ./Core/Src/button.o
 .debug_ranges  0x0000000000000020       0x48 ./Core/Src/fsm_automatic.o
 .debug_ranges  0x0000000000000068       0x28 ./Core/Src/fsm_manual.o
 .debug_ranges  0x0000000000000090       0x68 ./Core/Src/fsm_settings_run.o
 .debug_ranges  0x00000000000000f8       0x40 ./Core/Src/i2c_lcd.o
 .debug_ranges  0x0000000000000138       0x30 ./Core/Src/led7_segment.o
 .debug_ranges  0x0000000000000168       0x50 ./Core/Src/main.o
 .debug_ranges  0x00000000000001b8       0x38 ./Core/Src/scheduler.o
 .debug_ranges  0x00000000000001f0       0x40 ./Core/Src/stm32f1xx_hal_msp.o
 .debug_ranges  0x0000000000000230       0x60 ./Core/Src/stm32f1xx_it.o
 .debug_ranges  0x0000000000000290       0x10 ./Core/Src/sysmem.o
 .debug_ranges  0x00000000000002a0       0x18 ./Core/Src/system_stm32f1xx.o
 .debug_ranges  0x00000000000002b8       0x50 ./Core/Src/traffic_light.o
 .debug_ranges  0x0000000000000308       0x20 ./Core/Startup/startup_stm32f103rbtx.o
 .debug_ranges  0x0000000000000328       0xd0 ./Drivers/STM32F1xx_HAL_Driver/Src/stm32f1xx_hal.o
 .debug_ranges  0x00000000000003f8       0xf0 ./Drivers/STM32F1xx_HAL_Driver/Src/stm32f1xx_hal_cortex.o
 .debug_ranges  0x00000000000004e8       0x48 ./Drivers/STM32F1xx_HAL_Driver/Src/stm32f1xx_hal_gpio.o
 .debug_ranges  0x0000000000000530      0x2b0 ./Drivers/STM32F1xx_HAL_Driver/Src/stm32f1xx_hal_i2c.o
 .debug_ranges  0x00000000000007e0       0x80 ./Drivers/STM32F1xx_HAL_Driver/Src/stm32f1xx_hal_rcc.o
 .debug_ranges  0x0000000000000860      0x3c0 ./Drivers/STM32F1xx_HAL_Driver/Src/stm32f1xx_hal_tim.o
 .debug_ranges  0x0000000000000c20      0x158 ./Drivers/STM32F1xx_HAL_Driver/Src/stm32f1xx_hal_tim_ex.o
 .debug_ranges  0x0000000000000d78      0x228 ./Drivers/STM32F1xx_HAL_Driver/Src/stm32f1xx_hal_uart.o

.debug_macro    0x0000000000000000    0x1a033
 .debug_macro   0x0000000000000000      0x3cd ./Core/Src/button.o
 .debug_macro   0x00000000000003cd      0xa9c ./Core/Src/button.o
 .debug_macro   0x0000000000000e69      0x221 ./Core/Src/button.o
 .debug_macro   0x000000000000108a       0x2e ./Core/Src/button.o
 .debug_macro   0x00000000000010b8       0x22 ./Core/Src/button.o
 .debug_macro   0x00000000000010da       0x22 ./Core/Src/button.o
 .debug_macro   0x00000000000010fc       0x8e ./Core/Src/button.o
 .debug_macro   0x000000000000118a       0x51 ./Core/Src/button.o
 .debug_macro   0x00000000000011db      0x103 ./Core/Src/button.o
 .debug_macro   0x00000000000012de       0x6a ./Core/Src/button.o
 .debug_macro   0x0000000000001348      0x1df ./Core/Src/button.o
 .debug_macro   0x0000000000001527       0x1c ./Core/Src/button.o
 .debug_macro   0x0000000000001543       0x22 ./Core/Src/button.o
 .debug_macro   0x0000000000001565       0xc3 ./Core/Src/button.o
 .debug_macro   0x0000000000001628      0xd23 ./Core/Src/button.o
 .debug_macro   0x000000000000234b     0xe09e ./Core/Src/button.o
 .debug_macro   0x00000000000103e9       0x6d ./Core/Src/button.o
 .debug_macro   0x0000000000010456     0x34a2 ./Core/Src/button.o
 .debug_macro   0x00000000000138f8      0x174 ./Core/Src/button.o
 .debug_macro   0x0000000000013a6c       0x5c ./Core/Src/button.o
 .debug_macro   0x0000000000013ac8      0x5bc ./Core/Src/button.o
 .debug_macro   0x0000000000014084      0x289 ./Core/Src/button.o
 .debug_macro   0x000000000001430d      0x1cb ./Core/Src/button.o
 .debug_macro   0x00000000000144d8      0x114 ./Core/Src/button.o
 .debug_macro   0x00000000000145ec      0x1b2 ./Core/Src/button.o
 .debug_macro   0x000000000001479e       0x27 ./Core/Src/button.o
 .debug_macro   0x00000000000147c5      0x136 ./Core/Src/button.o
 .debug_macro   0x00000000000148fb      0x1bc ./Core/Src/button.o
 .debug_macro   0x0000000000014ab7       0x34 ./Core/Src/button.o
 .debug_macro   0x0000000000014aeb       0x3c ./Core/Src/button.o
 .debug_macro   0x0000000000014b27       0x57 ./Core/Src/button.o
 .debug_macro   0x0000000000014b7e       0x87 ./Core/Src/button.o
 .debug_macro   0x0000000000014c05      0x240 ./Core/Src/button.o
 .debug_macro   0x0000000000014e45      0x287 ./Core/Src/button.o
 .debug_macro   0x00000000000150cc      0x140 ./Core/Src/button.o
 .debug_macro   0x000000000001520c      0x8ed ./Core/Src/button.o
 .debug_macro   0x0000000000015af9      0x28e ./Core/Src/button.o
 .debug_macro   0x0000000000015d87       0x83 ./Core/Src/button.o
 .debug_macro   0x0000000000015e0a       0xb2 ./Core/Src/button.o
 .debug_macro   0x0000000000015ebc       0x16 ./Core/Src/button.o
 .debug_macro   0x0000000000015ed2       0x1c ./Core/Src/button.o
 .debug_macro   0x0000000000015eee       0x16 ./Core/Src/button.o
 .debug_macro   0x0000000000015f04       0x18 ./Core/Src/button.o
 .debug_macro   0x0000000000015f1c       0x52 ./Core/Src/button.o
 .debug_macro   0x0000000000015f6e       0x3c ./Core/Src/button.o
 .debug_macro   0x0000000000015faa       0x34 ./Core/Src/button.o
 .debug_macro   0x0000000000015fde       0x16 ./Core/Src/button.o
 .debug_macro   0x0000000000015ff4       0x35 ./Core/Src/button.o
 .debug_macro   0x0000000000016029       0x16 ./Core/Src/button.o
 .debug_macro   0x000000000001603f       0x43 ./Core/Src/button.o
 .debug_macro   0x0000000000016082       0x34 ./Core/Src/button.o
 .debug_macro   0x00000000000160b6       0x10 ./Core/Src/button.o
 .debug_macro   0x00000000000160c6       0x58 ./Core/Src/button.o
 .debug_macro   0x000000000001611e       0x71 ./Core/Src/button.o
 .debug_macro   0x000000000001618f       0x1c ./Core/Src/button.o
 .debug_macro   0x00000000000161ab      0x12a ./Core/Src/button.o
 .debug_macro   0x00000000000162d5      0x333 ./Core/Src/button.o
 .debug_macro   0x0000000000016608       0x16 ./Core/Src/button.o
 .debug_macro   0x000000000001661e       0x29 ./Core/Src/button.o
 .debug_macro   0x0000000000016647       0x1c ./Core/Src/button.o
 .debug_macro   0x0000000000016663       0x10 ./Core/Src/button.o
 .debug_macro   0x0000000000016673       0x10 ./Core/Src/button.o
 .debug_macro   0x0000000000016683       0x1c ./Core/Src/button.o
 .debug_macro   0x000000000001669f       0x52 ./Core/Src/button.o
 .debug_macro   0x00000000000166f1       0x22 ./Core/Src/button.o
 .debug_macro   0x0000000000016713       0x10 ./Core/Src/button.o
 .debug_macro   0x0000000000016723       0x40 ./Core/Src/button.o
 .debug_macro   0x0000000000016763       0xd5 ./Core/Src/button.o
 .debug_macro   0x0000000000016838       0x1c ./Core/Src/button.o
 .debug_macro   0x0000000000016854       0x3d ./Core/Src/button.o
 .debug_macro   0x0000000000016891       0x16 ./Core/Src/button.o
 .debug_macro   0x00000000000168a7      0x145 ./Core/Src/button.o
 .debug_macro   0x00000000000169ec       0x16 ./Core/Src/button.o
 .debug_macro   0x0000000000016a02       0x20 ./Core/Src/button.o
 .debug_macro   0x0000000000016a22       0x4c ./Core/Src/button.o
 .debug_macro   0x0000000000016a6e      0x3e7 ./Core/Src/fsm_automatic.o
 .debug_macro   0x0000000000016e55      0x3e7 ./Core/Src/fsm_manual.o
 .debug_macro   0x000000000001723c      0x3eb ./Core/Src/fsm_settings_run.o
 .debug_macro   0x0000000000017627      0x3c9 ./Core/Src/global.o
 .debug_macro   0x00000000000179f0      0x37a ./Core/Src/i2c_lcd.o
 .debug_macro   0x0000000000017d6a      0x3cd ./Core/Src/led7_segment.o
 .debug_macro   0x0000000000018137      0x3e7 ./Core/Src/main.o
 .debug_macro   0x000000000001851e       0x72 ./Core/Src/scheduler.o
 .debug_macro   0x0000000000018590       0x10 ./Core/Src/scheduler.o
 .debug_macro   0x00000000000185a0      0x1bc ./Core/Src/stm32f1xx_hal_msp.o
 .debug_macro   0x000000000001875c      0x1c6 ./Core/Src/stm32f1xx_it.o
 .debug_macro   0x0000000000018922       0xff ./Core/Src/sysmem.o
 .debug_macro   0x0000000000018a21      0x23b ./Core/Src/sysmem.o
 .debug_macro   0x0000000000018c5c      0x1ad ./Core/Src/system_stm32f1xx.o
 .debug_macro   0x0000000000018e09      0x3d1 ./Core/Src/traffic_light.o
 .debug_macro   0x00000000000191da      0x1d1 ./Drivers/STM32F1xx_HAL_Driver/Src/stm32f1xx_hal.o
 .debug_macro   0x00000000000193ab      0x1ad ./Drivers/STM32F1xx_HAL_Driver/Src/stm32f1xx_hal_cortex.o
 .debug_macro   0x0000000000019558      0x218 ./Drivers/STM32F1xx_HAL_Driver/Src/stm32f1xx_hal_gpio.o
 .debug_macro   0x0000000000019770      0x1fb ./Drivers/STM32F1xx_HAL_Driver/Src/stm32f1xx_hal_i2c.o
 .debug_macro   0x000000000001996b      0x1bf ./Drivers/STM32F1xx_HAL_Driver/Src/stm32f1xx_hal_rcc.o
 .debug_macro   0x0000000000019b2a      0x1ae ./Drivers/STM32F1xx_HAL_Driver/Src/stm32f1xx_hal_tim.o
 .debug_macro   0x0000000000019cd8      0x1ad ./Drivers/STM32F1xx_HAL_Driver/Src/stm32f1xx_hal_tim_ex.o
 .debug_macro   0x0000000000019e85      0x1ae ./Drivers/STM32F1xx_HAL_Driver/Src/stm32f1xx_hal_uart.o

.debug_line     0x0000000000000000    0x15d26
 .debug_line    0x0000000000000000      0xa1d ./Core/Src/button.o
 .debug_line    0x0000000000000a1d      0xc18 ./Core/Src/fsm_automatic.o
 .debug_line    0x0000000000001635      0xa04 ./Core/Src/fsm_manual.o
 .debug_line    0x0000000000002039      0xd29 ./Core/Src/fsm_settings_run.o
 .debug_line    0x0000000000002d62      0x940 ./Core/Src/global.o
 .debug_line    0x00000000000036a2      0xa0f ./Core/Src/i2c_lcd.o
 .debug_line    0x00000000000040b1      0x9da ./Core/Src/led7_segment.o
 .debug_line    0x0000000000004a8b      0xb6b ./Core/Src/main.o
 .debug_line    0x00000000000055f6      0x53b ./Core/Src/scheduler.o
 .debug_line    0x0000000000005b31      0x784 ./Core/Src/stm32f1xx_hal_msp.o
 .debug_line    0x00000000000062b5      0x7a6 ./Core/Src/stm32f1xx_it.o
 .debug_line    0x0000000000006a5b      0x520 ./Core/Src/sysmem.o
 .debug_line    0x0000000000006f7b      0x732 ./Core/Src/system_stm32f1xx.o
 .debug_line    0x00000000000076ad      0xa31 ./Core/Src/traffic_light.o
 .debug_line    0x00000000000080de       0x86 ./Core/Startup/startup_stm32f103rbtx.o
 .debug_line    0x0000000000008164      0x95f ./Drivers/STM32F1xx_HAL_Driver/Src/stm32f1xx_hal.o
 .debug_line    0x0000000000008ac3      0xb47 ./Drivers/STM32F1xx_HAL_Driver/Src/stm32f1xx_hal_cortex.o
 .debug_line    0x000000000000960a      0x9f8 ./Drivers/STM32F1xx_HAL_Driver/Src/stm32f1xx_hal_gpio.o
 .debug_line    0x000000000000a002     0x3af5 ./Drivers/STM32F1xx_HAL_Driver/Src/stm32f1xx_hal_i2c.o
 .debug_line    0x000000000000daf7      0xd6b ./Drivers/STM32F1xx_HAL_Driver/Src/stm32f1xx_hal_rcc.o
 .debug_line    0x000000000000e862     0x33f9 ./Drivers/STM32F1xx_HAL_Driver/Src/stm32f1xx_hal_tim.o
 .debug_line    0x0000000000011c5b     0x18a5 ./Drivers/STM32F1xx_HAL_Driver/Src/stm32f1xx_hal_tim_ex.o
 .debug_line    0x0000000000013500     0x2826 ./Drivers/STM32F1xx_HAL_Driver/Src/stm32f1xx_hal_uart.o

.debug_str      0x0000000000000000    0x8dbf3
 .debug_str     0x0000000000000000    0x892fd ./Core/Src/button.o
                                      0x896fd (size before relaxing)
 .debug_str     0x00000000000892fd       0xe3 ./Core/Src/fsm_automatic.o
                                      0x89736 (size before relaxing)
 .debug_str     0x00000000000893e0       0x63 ./Core/Src/fsm_manual.o
                                      0x896e8 (size before relaxing)
 .debug_str     0x0000000000089443       0xc9 ./Core/Src/fsm_settings_run.o
                                      0x8978c (size before relaxing)
 .debug_str     0x000000000008950c       0x15 ./Core/Src/global.o
                                      0x89655 (size before relaxing)
 .debug_str     0x0000000000089521      0x485 ./Core/Src/i2c_lcd.o
                                      0x896f2 (size before relaxing)
 .debug_str     0x00000000000899a6       0x6f ./Core/Src/led7_segment.o
                                      0x896b5 (size before relaxing)
 .debug_str     0x0000000000089a15      0x986 ./Core/Src/main.o
                                      0x8a5cc (size before relaxing)
 .debug_str     0x000000000008a39b       0xb3 ./Core/Src/scheduler.o
                                       0x3d86 (size before relaxing)
 .debug_str     0x000000000008a44e       0xe1 ./Core/Src/stm32f1xx_hal_msp.o
                                      0x85fc0 (size before relaxing)
 .debug_str     0x000000000008a52f       0xe2 ./Core/Src/stm32f1xx_it.o
                                      0x857fb (size before relaxing)
 .debug_str     0x000000000008a611      0x4e9 ./Core/Src/sysmem.o
                                       0x6250 (size before relaxing)
 .debug_str     0x000000000008aafa       0x52 ./Core/Src/system_stm32f1xx.o
                                      0x8502e (size before relaxing)
 .debug_str     0x000000000008ab4c       0x96 ./Core/Src/traffic_light.o
                                      0x89707 (size before relaxing)
 .debug_str     0x000000000008abe2       0x36 ./Core/Startup/startup_stm32f103rbtx.o
                                         0x64 (size before relaxing)
 .debug_str     0x000000000008ac18      0x304 ./Drivers/STM32F1xx_HAL_Driver/Src/stm32f1xx_hal.o
                                      0x856bf (size before relaxing)
 .debug_str     0x000000000008af1c      0x300 ./Drivers/STM32F1xx_HAL_Driver/Src/stm32f1xx_hal_cortex.o
                                      0x856c7 (size before relaxing)
 .debug_str     0x000000000008b21c      0x324 ./Drivers/STM32F1xx_HAL_Driver/Src/stm32f1xx_hal_gpio.o
                                      0x853f2 (size before relaxing)
 .debug_str     0x000000000008b540      0xb9a ./Drivers/STM32F1xx_HAL_Driver/Src/stm32f1xx_hal_i2c.o
                                      0x860bd (size before relaxing)
 .debug_str     0x000000000008c0da      0x244 ./Drivers/STM32F1xx_HAL_Driver/Src/stm32f1xx_hal_rcc.o
                                      0x8542b (size before relaxing)
 .debug_str     0x000000000008c31e      0xdd8 ./Drivers/STM32F1xx_HAL_Driver/Src/stm32f1xx_hal_tim.o
                                      0x86414 (size before relaxing)
 .debug_str     0x000000000008d0f6      0x4ee ./Drivers/STM32F1xx_HAL_Driver/Src/stm32f1xx_hal_tim_ex.o
                                      0x85bb5 (size before relaxing)
 .debug_str     0x000000000008d5e4      0x60f ./Drivers/STM32F1xx_HAL_Driver/Src/stm32f1xx_hal_uart.o
                                      0x85a83 (size before relaxing)

.comment        0x0000000000000000       0x53
 .comment       0x0000000000000000       0x53 ./Core/Src/button.o
                                         0x54 (size before relaxing)
 .comment       0x0000000000000053       0x54 ./Core/Src/fsm_automatic.o
 .comment       0x0000000000000053       0x54 ./Core/Src/fsm_manual.o
 .comment       0x0000000000000053       0x54 ./Core/Src/fsm_settings_run.o
 .comment       0x0000000000000053       0x54 ./Core/Src/global.o
 .comment       0x0000000000000053       0x54 ./Core/Src/i2c_lcd.o
 .comment       0x0000000000000053       0x54 ./Core/Src/led7_segment.o
 .comment       0x0000000000000053       0x54 ./Core/Src/main.o
 .comment       0x0000000000000053       0x54 ./Core/Src/scheduler.o
 .comment       0x0000000000000053       0x54 ./Core/Src/stm32f1xx_hal_msp.o
 .comment       0x0000000000000053       0x54 ./Core/Src/stm32f1xx_it.o
 .comment       0x0000000000000053       0x54 ./Core/Src/sysmem.o
 .comment       0x0000000000000053       0x54 ./Core/Src/system_stm32f1xx.o
 .comment       0x0000000000000053       0x54 ./Core/Src/traffic_light.o
 .comment       0x0000000000000053       0x54 ./Drivers/STM32F1xx_HAL_Driver/Src/stm32f1xx_hal.o
 .comment       0x0000000000000053       0x54 ./Drivers/STM32F1xx_HAL_Driver/Src/stm32f1xx_hal_cortex.o
 .comment       0x0000000000000053       0x54 ./Drivers/STM32F1xx_HAL_Driver/Src/stm32f1xx_hal_gpio.o
 .comment       0x0000000000000053       0x54 ./Drivers/STM32F1xx_HAL_Driver/Src/stm32f1xx_hal_i2c.o
 .comment       0x0000000000000053       0x54 ./Drivers/STM32F1xx_HAL_Driver/Src/stm32f1xx_hal_rcc.o
 .comment       0x0000000000000053       0x54 ./Drivers/STM32F1xx_HAL_Driver/Src/stm32f1xx_hal_tim.o
 .comment       0x0000000000000053       0x54 ./Drivers/STM32F1xx_HAL_Driver/Src/stm32f1xx_hal_tim_ex.o
 .comment       0x0000000000000053       0x54 ./Drivers/STM32F1xx_HAL_Driver/Src/stm32f1xx_hal_uart.o

.debug_frame    0x0000000000000000     0x48ac
 .debug_frame   0x0000000000000000       0x80 ./Core/Src/button.o
 .debug_frame   0x0000000000000080      0x130 ./Core/Src/fsm_automatic.o
 .debug_frame   0x00000000000001b0       0xb0 ./Core/Src/fsm_manual.o
 .debug_frame   0x0000000000000260      0x1a8 ./Core/Src/fsm_settings_run.o
 .debug_frame   0x0000000000000408       0xfc ./Core/Src/i2c_lcd.o
 .debug_frame   0x0000000000000504       0xc4 ./Core/Src/led7_segment.o
 .debug_frame   0x00000000000005c8      0x128 ./Core/Src/main.o
 .debug_frame   0x00000000000006f0       0xf4 ./Core/Src/scheduler.o
 .debug_frame   0x00000000000007e4      0x110 ./Core/Src/stm32f1xx_hal_msp.o
 .debug_frame   0x00000000000008f4      0x13c ./Core/Src/stm32f1xx_it.o
 .debug_frame   0x0000000000000a30       0x34 ./Core/Src/sysmem.o
 .debug_frame   0x0000000000000a64       0x58 ./Core/Src/system_stm32f1xx.o
 .debug_frame   0x0000000000000abc      0x10c ./Core/Src/traffic_light.o
 .debug_frame   0x0000000000000bc8      0x334 ./Drivers/STM32F1xx_HAL_Driver/Src/stm32f1xx_hal.o
 .debug_frame   0x0000000000000efc      0x428 ./Drivers/STM32F1xx_HAL_Driver/Src/stm32f1xx_hal_cortex.o
 .debug_frame   0x0000000000001324      0x14c ./Drivers/STM32F1xx_HAL_Driver/Src/stm32f1xx_hal_gpio.o
 .debug_frame   0x0000000000001470      0xc84 ./Drivers/STM32F1xx_HAL_Driver/Src/stm32f1xx_hal_i2c.o
 .debug_frame   0x00000000000020f4      0x218 ./Drivers/STM32F1xx_HAL_Driver/Src/stm32f1xx_hal_rcc.o
 .debug_frame   0x000000000000230c     0x11b8 ./Drivers/STM32F1xx_HAL_Driver/Src/stm32f1xx_hal_tim.o
 .debug_frame   0x00000000000034c4      0x638 ./Drivers/STM32F1xx_HAL_Driver/Src/stm32f1xx_hal_tim_ex.o
 .debug_frame   0x0000000000003afc      0x944 ./Drivers/STM32F1xx_HAL_Driver/Src/stm32f1xx_hal_uart.o
 .debug_frame   0x0000000000004440       0x20 d:/stmcubeide/stm32cubeide_1.7.0/stm32cubeide/plugins/com.st.stm32cube.ide.mcu.externaltools.gnu-tools-for-stm32.9-2020-q2-update.win32_2.0.0.202105311346/tools/bin/../lib/gcc/arm-none-eabi/9.3.1/../../../../arm-none-eabi/lib/thumb/v7-m/nofp\libc_nano.a(lib_a-errno.o)
 .debug_frame   0x0000000000004460       0x2c d:/stmcubeide/stm32cubeide_1.7.0/stm32cubeide/plugins/com.st.stm32cube.ide.mcu.externaltools.gnu-tools-for-stm32.9-2020-q2-update.win32_2.0.0.202105311346/tools/bin/../lib/gcc/arm-none-eabi/9.3.1/../../../../arm-none-eabi/lib/thumb/v7-m/nofp\libc_nano.a(lib_a-init.o)
 .debug_frame   0x000000000000448c       0x20 d:/stmcubeide/stm32cubeide_1.7.0/stm32cubeide/plugins/com.st.stm32cube.ide.mcu.externaltools.gnu-tools-for-stm32.9-2020-q2-update.win32_2.0.0.202105311346/tools/bin/../lib/gcc/arm-none-eabi/9.3.1/../../../../arm-none-eabi/lib/thumb/v7-m/nofp\libc_nano.a(lib_a-memset.o)
 .debug_frame   0x00000000000044ac       0x38 d:/stmcubeide/stm32cubeide_1.7.0/stm32cubeide/plugins/com.st.stm32cube.ide.mcu.externaltools.gnu-tools-for-stm32.9-2020-q2-update.win32_2.0.0.202105311346/tools/bin/../lib/gcc/arm-none-eabi/9.3.1/../../../../arm-none-eabi/lib/thumb/v7-m/nofp\libc_nano.a(lib_a-nano-freer.o)
 .debug_frame   0x00000000000044e4       0x30 d:/stmcubeide/stm32cubeide_1.7.0/stm32cubeide/plugins/com.st.stm32cube.ide.mcu.externaltools.gnu-tools-for-stm32.9-2020-q2-update.win32_2.0.0.202105311346/tools/bin/../lib/gcc/arm-none-eabi/9.3.1/../../../../arm-none-eabi/lib/thumb/v7-m/nofp\libc_nano.a(lib_a-nano-mallocr.o)
 .debug_frame   0x0000000000004514       0x2c d:/stmcubeide/stm32cubeide_1.7.0/stm32cubeide/plugins/com.st.stm32cube.ide.mcu.externaltools.gnu-tools-for-stm32.9-2020-q2-update.win32_2.0.0.202105311346/tools/bin/../lib/gcc/arm-none-eabi/9.3.1/../../../../arm-none-eabi/lib/thumb/v7-m/nofp\libc_nano.a(lib_a-sbrkr.o)
 .debug_frame   0x0000000000004540       0x6c d:/stmcubeide/stm32cubeide_1.7.0/stm32cubeide/plugins/com.st.stm32cube.ide.mcu.externaltools.gnu-tools-for-stm32.9-2020-q2-update.win32_2.0.0.202105311346/tools/bin/../lib/gcc/arm-none-eabi/9.3.1/../../../../arm-none-eabi/lib/thumb/v7-m/nofp\libc_nano.a(lib_a-sprintf.o)
 .debug_frame   0x00000000000045ac       0x30 d:/stmcubeide/stm32cubeide_1.7.0/stm32cubeide/plugins/com.st.stm32cube.ide.mcu.externaltools.gnu-tools-for-stm32.9-2020-q2-update.win32_2.0.0.202105311346/tools/bin/../lib/gcc/arm-none-eabi/9.3.1/../../../../arm-none-eabi/lib/thumb/v7-m/nofp\libc_nano.a(lib_a-mlock.o)
 .debug_frame   0x00000000000045dc       0x90 d:/stmcubeide/stm32cubeide_1.7.0/stm32cubeide/plugins/com.st.stm32cube.ide.mcu.externaltools.gnu-tools-for-stm32.9-2020-q2-update.win32_2.0.0.202105311346/tools/bin/../lib/gcc/arm-none-eabi/9.3.1/../../../../arm-none-eabi/lib/thumb/v7-m/nofp\libc_nano.a(lib_a-nano-svfprintf.o)
 .debug_frame   0x000000000000466c       0x60 d:/stmcubeide/stm32cubeide_1.7.0/stm32cubeide/plugins/com.st.stm32cube.ide.mcu.externaltools.gnu-tools-for-stm32.9-2020-q2-update.win32_2.0.0.202105311346/tools/bin/../lib/gcc/arm-none-eabi/9.3.1/../../../../arm-none-eabi/lib/thumb/v7-m/nofp\libc_nano.a(lib_a-nano-vfprintf_i.o)
 .debug_frame   0x00000000000046cc       0x5c d:/stmcubeide/stm32cubeide_1.7.0/stm32cubeide/plugins/com.st.stm32cube.ide.mcu.externaltools.gnu-tools-for-stm32.9-2020-q2-update.win32_2.0.0.202105311346/tools/bin/../lib/gcc/arm-none-eabi/9.3.1/../../../../arm-none-eabi/lib/thumb/v7-m/nofp\libc_nano.a(lib_a-reent.o)
 .debug_frame   0x0000000000004728       0xb0 d:/stmcubeide/stm32cubeide_1.7.0/stm32cubeide/plugins/com.st.stm32cube.ide.mcu.externaltools.gnu-tools-for-stm32.9-2020-q2-update.win32_2.0.0.202105311346/tools/bin/../lib/gcc/arm-none-eabi/9.3.1/../../../../arm-none-eabi/lib/thumb/v7-m/nofp\libc_nano.a(lib_a-lock.o)
 .debug_frame   0x00000000000047d8       0x28 d:/stmcubeide/stm32cubeide_1.7.0/stm32cubeide/plugins/com.st.stm32cube.ide.mcu.externaltools.gnu-tools-for-stm32.9-2020-q2-update.win32_2.0.0.202105311346/tools/bin/../lib/gcc/arm-none-eabi/9.3.1/../../../../arm-none-eabi/lib/thumb/v7-m/nofp\libc_nano.a(lib_a-memchr-stub.o)
 .debug_frame   0x0000000000004800       0x28 d:/stmcubeide/stm32cubeide_1.7.0/stm32cubeide/plugins/com.st.stm32cube.ide.mcu.externaltools.gnu-tools-for-stm32.9-2020-q2-update.win32_2.0.0.202105311346/tools/bin/../lib/gcc/arm-none-eabi/9.3.1/../../../../arm-none-eabi/lib/thumb/v7-m/nofp\libc_nano.a(lib_a-memcpy-stub.o)
 .debug_frame   0x0000000000004828       0x28 d:/stmcubeide/stm32cubeide_1.7.0/stm32cubeide/plugins/com.st.stm32cube.ide.mcu.externaltools.gnu-tools-for-stm32.9-2020-q2-update.win32_2.0.0.202105311346/tools/bin/../lib/gcc/arm-none-eabi/9.3.1/../../../../arm-none-eabi/lib/thumb/v7-m/nofp\libc_nano.a(lib_a-memmove.o)
 .debug_frame   0x0000000000004850       0x3c d:/stmcubeide/stm32cubeide_1.7.0/stm32cubeide/plugins/com.st.stm32cube.ide.mcu.externaltools.gnu-tools-for-stm32.9-2020-q2-update.win32_2.0.0.202105311346/tools/bin/../lib/gcc/arm-none-eabi/9.3.1/../../../../arm-none-eabi/lib/thumb/v7-m/nofp\libc_nano.a(lib_a-nano-reallocr.o)
 .debug_frame   0x000000000000488c       0x20 d:/stmcubeide/stm32cubeide_1.7.0/stm32cubeide/plugins/com.st.stm32cube.ide.mcu.externaltools.gnu-tools-for-stm32.9-2020-q2-update.win32_2.0.0.202105311346/tools/bin/../lib/gcc/arm-none-eabi/9.3.1/../../../../arm-none-eabi/lib/thumb/v7-m/nofp\libc_nano.a(lib_a-nano-msizer.o)