fsm_settings_run.c:19:5:GreenTime	4	static
fsm_settings_run.c:22:5:RedTime	4	static
fsm_settings_run.c:25:5:AmberTime	4	static
fsm_settings_run.c:29:6:setGreenTime	16	static
fsm_settings_run.c:32:6:setRedTime	16	static
fsm_settings_run.c:35:6:setAmberTime	16	static
fsm_settings_run.c:39:6:fsm_SET_REDTIME	24	static
fsm_settings_run.c:60:6:fsm_SET_AMBERTIME	24	static
fsm_settings_run.c:81:6:fsm_SET_GREENTIME	24	static
fsm_settings_run.c:103:6:fsm_mode	8	static
fsm_settings_run.c:169:6:fsm_increase	8	static
fsm_settings_run.c:215:6:fsm_confirm	8	static
